The system is: Darwin - 23.6.0 - arm64
Compiling the OBJC compiler identification source file "CMakeOBJCCompilerId.m" succeeded.
Compiler:  
Build flags: 
Id flags:  

The output was:
0
Command line invocation:
    /Applications/Xcode.app/Contents/Developer/usr/bin/xcodebuild

User defaults from command line:
    IDEPackageSupportUseBuiltinSCM = YES

ComputeTargetDependencyGraph
warning: Building targets in manual order is deprecated - check "Parallelize build for command-line builds" in the project editor, or set DISABLE_MANUAL_TARGET_ORDER_BUILD_WARNING in any of the targets in the current build to suppress this warning
note: Target dependency graph (1 target)
    Target 'CompilerIdOBJC' in project 'CompilerIdOBJC' (no dependencies)

GatherProvisioningInputs

CreateBuildDescription
Build description signature: 638a5c02e5324ff48600f70d644b36d4
Build description path: /Users/abhishekshivakumar/gamedev/shadow/Example/SpriteSheet/Engine/dependencies/SDL/CMakeFiles/CheckOBJC/CMakeFiles/3.24.4/CompilerIdOBJC/./XCBuildData/638a5c02e5324ff48600f70d644b36d4.xcbuilddata

CreateBuildDirectory /Users/abhishekshivakumar/gamedev/shadow/Example/SpriteSheet/Engine/dependencies/SDL/CMakeFiles/CheckOBJC/CMakeFiles/3.24.4/CompilerIdOBJC
    cd /Users/abhishekshivakumar/gamedev/shadow/Example/SpriteSheet/Engine/dependencies/SDL/CMakeFiles/CheckOBJC/CMakeFiles/3.24.4/CompilerIdOBJC/CompilerIdOBJC.xcodeproj
    builtin-create-build-directory /Users/abhishekshivakumar/gamedev/shadow/Example/SpriteSheet/Engine/dependencies/SDL/CMakeFiles/CheckOBJC/CMakeFiles/3.24.4/CompilerIdOBJC

ClangStatCache /Applications/Xcode.app/Contents/Developer/Toolchains/XcodeDefault.xctoolchain/usr/bin/clang-stat-cache /Applications/Xcode.app/Contents/Developer/Platforms/MacOSX.platform/Developer/SDKs/MacOSX14.2.sdk /var/folders/x5/smn11rt108jfspkvy3k6yl880000gn/C/com.apple.DeveloperTools/15.2-15C500b/Xcode/SDKStatCaches.noindex/macosx14.2-23C53-df0db8920d7ae99241a1bc0f08d2dced.sdkstatcache
    cd /Users/abhishekshivakumar/gamedev/shadow/Example/SpriteSheet/Engine/dependencies/SDL/CMakeFiles/CheckOBJC/CMakeFiles/3.24.4/CompilerIdOBJC/CompilerIdOBJC.xcodeproj
    /Applications/Xcode.app/Contents/Developer/Toolchains/XcodeDefault.xctoolchain/usr/bin/clang-stat-cache /Applications/Xcode.app/Contents/Developer/Platforms/MacOSX.platform/Developer/SDKs/MacOSX14.2.sdk -o /var/folders/x5/smn11rt108jfspkvy3k6yl880000gn/C/com.apple.DeveloperTools/15.2-15C500b/Xcode/SDKStatCaches.noindex/macosx14.2-23C53-df0db8920d7ae99241a1bc0f08d2dced.sdkstatcache

CreateBuildDirectory /Users/abhishekshivakumar/gamedev/shadow/Example/SpriteSheet/Engine/dependencies/SDL/CMakeFiles/CheckOBJC/CMakeFiles/3.24.4/CompilerIdOBJC/EagerLinkingTBDs/Debug
    cd /Users/abhishekshivakumar/gamedev/shadow/Example/SpriteSheet/Engine/dependencies/SDL/CMakeFiles/CheckOBJC/CMakeFiles/3.24.4/CompilerIdOBJC/CompilerIdOBJC.xcodeproj
    builtin-create-build-directory /Users/abhishekshivakumar/gamedev/shadow/Example/SpriteSheet/Engine/dependencies/SDL/CMakeFiles/CheckOBJC/CMakeFiles/3.24.4/CompilerIdOBJC/EagerLinkingTBDs/Debug

WriteAuxiliaryFile /Users/abhishekshivakumar/gamedev/shadow/Example/SpriteSheet/Engine/dependencies/SDL/CMakeFiles/CheckOBJC/CMakeFiles/3.24.4/CompilerIdOBJC/CompilerIdOBJC.build/Debug/CompilerIdOBJC.build/DerivedSources/Entitlements.plist (in target 'CompilerIdOBJC' from project 'CompilerIdOBJC')
    cd /Users/abhishekshivakumar/gamedev/shadow/Example/SpriteSheet/Engine/dependencies/SDL/CMakeFiles/CheckOBJC/CMakeFiles/3.24.4/CompilerIdOBJC
    write-file /Users/abhishekshivakumar/gamedev/shadow/Example/SpriteSheet/Engine/dependencies/SDL/CMakeFiles/CheckOBJC/CMakeFiles/3.24.4/CompilerIdOBJC/CompilerIdOBJC.build/Debug/CompilerIdOBJC.build/DerivedSources/Entitlements.plist

ProcessProductPackaging "" /Users/abhishekshivakumar/gamedev/shadow/Example/SpriteSheet/Engine/dependencies/SDL/CMakeFiles/CheckOBJC/CMakeFiles/3.24.4/CompilerIdOBJC/CompilerIdOBJC.build/Debug/CompilerIdOBJC.build/CompilerIdOBJC.xcent (in target 'CompilerIdOBJC' from project 'CompilerIdOBJC')
    cd /Users/abhishekshivakumar/gamedev/shadow/Example/SpriteSheet/Engine/dependencies/SDL/CMakeFiles/CheckOBJC/CMakeFiles/3.24.4/CompilerIdOBJC
    
    Entitlements:
    
    {
    "com.apple.application-identifier" = "";
    "com.apple.security.get-task-allow" = 1;
}
    
    builtin-productPackagingUtility -entitlements -format xml -o /Users/abhishekshivakumar/gamedev/shadow/Example/SpriteSheet/Engine/dependencies/SDL/CMakeFiles/CheckOBJC/CMakeFiles/3.24.4/CompilerIdOBJC/CompilerIdOBJC.build/Debug/CompilerIdOBJC.build/CompilerIdOBJC.xcent

ProcessProductPackagingDER /Users/abhishekshivakumar/gamedev/shadow/Example/SpriteSheet/Engine/dependencies/SDL/CMakeFiles/CheckOBJC/CMakeFiles/3.24.4/CompilerIdOBJC/CompilerIdOBJC.build/Debug/CompilerIdOBJC.build/CompilerIdOBJC.xcent /Users/abhishekshivakumar/gamedev/shadow/Example/SpriteSheet/Engine/dependencies/SDL/CMakeFiles/CheckOBJC/CMakeFiles/3.24.4/CompilerIdOBJC/CompilerIdOBJC.build/Debug/CompilerIdOBJC.build/CompilerIdOBJC.xcent.der (in target 'CompilerIdOBJC' from project 'CompilerIdOBJC')
    cd /Users/abhishekshivakumar/gamedev/shadow/Example/SpriteSheet/Engine/dependencies/SDL/CMakeFiles/CheckOBJC/CMakeFiles/3.24.4/CompilerIdOBJC
    /usr/bin/derq query -f xml -i /Users/abhishekshivakumar/gamedev/shadow/Example/SpriteSheet/Engine/dependencies/SDL/CMakeFiles/CheckOBJC/CMakeFiles/3.24.4/CompilerIdOBJC/CompilerIdOBJC.build/Debug/CompilerIdOBJC.build/CompilerIdOBJC.xcent -o /Users/abhishekshivakumar/gamedev/shadow/Example/SpriteSheet/Engine/dependencies/SDL/CMakeFiles/CheckOBJC/CMakeFiles/3.24.4/CompilerIdOBJC/CompilerIdOBJC.build/Debug/CompilerIdOBJC.build/CompilerIdOBJC.xcent.der --raw

WriteAuxiliaryFile /Users/abhishekshivakumar/gamedev/shadow/Example/SpriteSheet/Engine/dependencies/SDL/CMakeFiles/CheckOBJC/CMakeFiles/3.24.4/CompilerIdOBJC/CompilerIdOBJC.build/Debug/CompilerIdOBJC.build/all-product-headers.yaml (in target 'CompilerIdOBJC' from project 'CompilerIdOBJC')
    cd /Users/abhishekshivakumar/gamedev/shadow/Example/SpriteSheet/Engine/dependencies/SDL/CMakeFiles/CheckOBJC/CMakeFiles/3.24.4/CompilerIdOBJC
    write-file /Users/abhishekshivakumar/gamedev/shadow/Example/SpriteSheet/Engine/dependencies/SDL/CMakeFiles/CheckOBJC/CMakeFiles/3.24.4/CompilerIdOBJC/CompilerIdOBJC.build/Debug/CompilerIdOBJC.build/all-product-headers.yaml

WriteAuxiliaryFile /Users/abhishekshivakumar/gamedev/shadow/Example/SpriteSheet/Engine/dependencies/SDL/CMakeFiles/CheckOBJC/CMakeFiles/3.24.4/CompilerIdOBJC/CompilerIdOBJC.build/Debug/CompilerIdOBJC.build/CompilerIdOBJC.hmap (in target 'CompilerIdOBJC' from project 'CompilerIdOBJC')
    cd /Users/abhishekshivakumar/gamedev/shadow/Example/SpriteSheet/Engine/dependencies/SDL/CMakeFiles/CheckOBJC/CMakeFiles/3.24.4/CompilerIdOBJC
    write-file /Users/abhishekshivakumar/gamedev/shadow/Example/SpriteSheet/Engine/dependencies/SDL/CMakeFiles/CheckOBJC/CMakeFiles/3.24.4/CompilerIdOBJC/CompilerIdOBJC.build/Debug/CompilerIdOBJC.build/CompilerIdOBJC.hmap

WriteAuxiliaryFile /Users/abhishekshivakumar/gamedev/shadow/Example/SpriteSheet/Engine/dependencies/SDL/CMakeFiles/CheckOBJC/CMakeFiles/3.24.4/CompilerIdOBJC/CompilerIdOBJC.build/Debug/CompilerIdOBJC.build/CompilerIdOBJC-own-target-headers.hmap (in target 'CompilerIdOBJC' from project 'CompilerIdOBJC')
    cd /Users/abhishekshivakumar/gamedev/shadow/Example/SpriteSheet/Engine/dependencies/SDL/CMakeFiles/CheckOBJC/CMakeFiles/3.24.4/CompilerIdOBJC
    write-file /Users/abhishekshivakumar/gamedev/shadow/Example/SpriteSheet/Engine/dependencies/SDL/CMakeFiles/CheckOBJC/CMakeFiles/3.24.4/CompilerIdOBJC/CompilerIdOBJC.build/Debug/CompilerIdOBJC.build/CompilerIdOBJC-own-target-headers.hmap

WriteAuxiliaryFile /Users/abhishekshivakumar/gamedev/shadow/Example/SpriteSheet/Engine/dependencies/SDL/CMakeFiles/CheckOBJC/CMakeFiles/3.24.4/CompilerIdOBJC/CompilerIdOBJC.build/Debug/CompilerIdOBJC.build/CompilerIdOBJC-project-headers.hmap (in target 'CompilerIdOBJC' from project 'CompilerIdOBJC')
    cd /Users/abhishekshivakumar/gamedev/shadow/Example/SpriteSheet/Engine/dependencies/SDL/CMakeFiles/CheckOBJC/CMakeFiles/3.24.4/CompilerIdOBJC
    write-file /Users/abhishekshivakumar/gamedev/shadow/Example/SpriteSheet/Engine/dependencies/SDL/CMakeFiles/CheckOBJC/CMakeFiles/3.24.4/CompilerIdOBJC/CompilerIdOBJC.build/Debug/CompilerIdOBJC.build/CompilerIdOBJC-project-headers.hmap

WriteAuxiliaryFile /Users/abhishekshivakumar/gamedev/shadow/Example/SpriteSheet/Engine/dependencies/SDL/CMakeFiles/CheckOBJC/CMakeFiles/3.24.4/CompilerIdOBJC/CompilerIdOBJC.build/Debug/CompilerIdOBJC.build/CompilerIdOBJC-all-target-headers.hmap (in target 'CompilerIdOBJC' from project 'CompilerIdOBJC')
    cd /Users/abhishekshivakumar/gamedev/shadow/Example/SpriteSheet/Engine/dependencies/SDL/CMakeFiles/CheckOBJC/CMakeFiles/3.24.4/CompilerIdOBJC
    write-file /Users/abhishekshivakumar/gamedev/shadow/Example/SpriteSheet/Engine/dependencies/SDL/CMakeFiles/CheckOBJC/CMakeFiles/3.24.4/CompilerIdOBJC/CompilerIdOBJC.build/Debug/CompilerIdOBJC.build/CompilerIdOBJC-all-target-headers.hmap

WriteAuxiliaryFile /Users/abhishekshivakumar/gamedev/shadow/Example/SpriteSheet/Engine/dependencies/SDL/CMakeFiles/CheckOBJC/CMakeFiles/3.24.4/CompilerIdOBJC/CompilerIdOBJC.build/Debug/CompilerIdOBJC.build/CompilerIdOBJC-generated-files.hmap (in target 'CompilerIdOBJC' from project 'CompilerIdOBJC')
    cd /Users/abhishekshivakumar/gamedev/shadow/Example/SpriteSheet/Engine/dependencies/SDL/CMakeFiles/CheckOBJC/CMakeFiles/3.24.4/CompilerIdOBJC
    write-file /Users/abhishekshivakumar/gamedev/shadow/Example/SpriteSheet/Engine/dependencies/SDL/CMakeFiles/CheckOBJC/CMakeFiles/3.24.4/CompilerIdOBJC/CompilerIdOBJC.build/Debug/CompilerIdOBJC.build/CompilerIdOBJC-generated-files.hmap

WriteAuxiliaryFile /Users/abhishekshivakumar/gamedev/shadow/Example/SpriteSheet/Engine/dependencies/SDL/CMakeFiles/CheckOBJC/CMakeFiles/3.24.4/CompilerIdOBJC/CompilerIdOBJC.build/Debug/CompilerIdOBJC.build/CompilerIdOBJC-all-non-framework-target-headers.hmap (in target 'CompilerIdOBJC' from project 'CompilerIdOBJC')
    cd /Users/abhishekshivakumar/gamedev/shadow/Example/SpriteSheet/Engine/dependencies/SDL/CMakeFiles/CheckOBJC/CMakeFiles/3.24.4/CompilerIdOBJC
    write-file /Users/abhishekshivakumar/gamedev/shadow/Example/SpriteSheet/Engine/dependencies/SDL/CMakeFiles/CheckOBJC/CMakeFiles/3.24.4/CompilerIdOBJC/CompilerIdOBJC.build/Debug/CompilerIdOBJC.build/CompilerIdOBJC-all-non-framework-target-headers.hmap

WriteAuxiliaryFile /Users/abhishekshivakumar/gamedev/shadow/Example/SpriteSheet/Engine/dependencies/SDL/CMakeFiles/CheckOBJC/CMakeFiles/3.24.4/CompilerIdOBJC/CompilerIdOBJC.build/Debug/CompilerIdOBJC.build/Objects-normal/arm64/CompilerIdOBJC.LinkFileList (in target 'CompilerIdOBJC' from project 'CompilerIdOBJC')
    cd /Users/abhishekshivakumar/gamedev/shadow/Example/SpriteSheet/Engine/dependencies/SDL/CMakeFiles/CheckOBJC/CMakeFiles/3.24.4/CompilerIdOBJC
    write-file /Users/abhishekshivakumar/gamedev/shadow/Example/SpriteSheet/Engine/dependencies/SDL/CMakeFiles/CheckOBJC/CMakeFiles/3.24.4/CompilerIdOBJC/CompilerIdOBJC.build/Debug/CompilerIdOBJC.build/Objects-normal/arm64/CompilerIdOBJC.LinkFileList

CompileC /Users/abhishekshivakumar/gamedev/shadow/Example/SpriteSheet/Engine/dependencies/SDL/CMakeFiles/CheckOBJC/CMakeFiles/3.24.4/CompilerIdOBJC/CompilerIdOBJC.build/Debug/CompilerIdOBJC.build/Objects-normal/arm64/CMakeOBJCCompilerId.o /Users/abhishekshivakumar/gamedev/shadow/Example/SpriteSheet/Engine/dependencies/SDL/CMakeFiles/CheckOBJC/CMakeFiles/3.24.4/CompilerIdOBJC/CMakeOBJCCompilerId.m normal arm64 objective-c com.apple.compilers.llvm.clang.1_0.compiler (in target 'CompilerIdOBJC' from project 'CompilerIdOBJC')
    cd /Users/abhishekshivakumar/gamedev/shadow/Example/SpriteSheet/Engine/dependencies/SDL/CMakeFiles/CheckOBJC/CMakeFiles/3.24.4/CompilerIdOBJC
    /Applications/Xcode.app/Contents/Developer/Toolchains/XcodeDefault.xctoolchain/usr/bin/clang -x objective-c -ivfsstatcache /var/folders/x5/smn11rt108jfspkvy3k6yl880000gn/C/com.apple.DeveloperTools/15.2-15C500b/Xcode/SDKStatCaches.noindex/macosx14.2-23C53-df0db8920d7ae99241a1bc0f08d2dced.sdkstatcache -target arm64-apple-macos14.2 -fmessage-length\=0 -fdiagnostics-show-note-include-stack -fmacro-backtrace-limit\=0 -fno-color-diagnostics -Wno-trigraphs -fpascal-strings -Os -Wno-missing-field-initializers -Wno-missing-prototypes -Wno-return-type -Wno-implicit-atomic-properties -Wno-objc-interface-ivars -Wno-arc-repeated-use-of-weak -Wno-missing-braces -Wparentheses -Wswitch -Wno-unused-function -Wno-unused-label -Wno-unused-parameter -Wno-unused-variable -Wunused-value -Wno-empty-body -Wno-uninitialized -Wno-unknown-pragmas -Wno-shadow -Wno-four-char-constants -Wno-conversion -Wno-constant-conversion -Wno-int-conversion -Wno-bool-conversion -Wno-enum-conversion -Wno-float-conversion -Wno-non-literal-null-conversion -Wno-objc-literal-conversion -Wshorten-64-to-32 -Wpointer-sign -Wno-newline-eof -Wno-selector -Wno-strict-selector-match -Wno-undeclared-selector -Wno-deprecated-implementations -Wno-implicit-fallthrough -DOBJC_OLD_DISPATCH_PROTOTYPES\=1 -isysroot /Applications/Xcode.app/Contents/Developer/Platforms/MacOSX.platform/Developer/SDKs/MacOSX14.2.sdk -fstrict-aliasing -Wprotocol -Wdeprecated-declarations -g -fvisibility\=hidden -Wno-sign-conversion -Wno-infinite-recursion -Wno-comma -Wno-block-capture-autoreleasing -Wno-strict-prototypes -Wno-semicolon-before-method-body -iquote /Users/abhishekshivakumar/gamedev/shadow/Example/SpriteSheet/Engine/dependencies/SDL/CMakeFiles/CheckOBJC/CMakeFiles/3.24.4/CompilerIdOBJC/CompilerIdOBJC.build/Debug/CompilerIdOBJC.build/CompilerIdOBJC-generated-files.hmap -I/Users/abhishekshivakumar/gamedev/shadow/Example/SpriteSheet/Engine/dependencies/SDL/CMakeFiles/CheckOBJC/CMakeFiles/3.24.4/CompilerIdOBJC/CompilerIdOBJC.build/Debug/CompilerIdOBJC.build/CompilerIdOBJC-own-target-headers.hmap -I/Users/abhishekshivakumar/gamedev/shadow/Example/SpriteSheet/Engine/dependencies/SDL/CMakeFiles/CheckOBJC/CMakeFiles/3.24.4/CompilerIdOBJC/CompilerIdOBJC.build/Debug/CompilerIdOBJC.build/CompilerIdOBJC-all-target-headers.hmap -iquote /Users/abhishekshivakumar/gamedev/shadow/Example/SpriteSheet/Engine/dependencies/SDL/CMakeFiles/CheckOBJC/CMakeFiles/3.24.4/CompilerIdOBJC/CompilerIdOBJC.build/Debug/CompilerIdOBJC.build/CompilerIdOBJC-project-headers.hmap -I/Users/abhishekshivakumar/gamedev/shadow/Example/SpriteSheet/Engine/dependencies/SDL/CMakeFiles/CheckOBJC/CMakeFiles/3.24.4/CompilerIdOBJC/include -I/Users/abhishekshivakumar/gamedev/shadow/Example/SpriteSheet/Engine/dependencies/SDL/CMakeFiles/CheckOBJC/CMakeFiles/3.24.4/CompilerIdOBJC/CompilerIdOBJC.build/Debug/CompilerIdOBJC.build/DerivedSources-normal/arm64 -I/Users/abhishekshivakumar/gamedev/shadow/Example/SpriteSheet/Engine/dependencies/SDL/CMakeFiles/CheckOBJC/CMakeFiles/3.24.4/CompilerIdOBJC/CompilerIdOBJC.build/Debug/CompilerIdOBJC.build/DerivedSources/arm64 -I/Users/abhishekshivakumar/gamedev/shadow/Example/SpriteSheet/Engine/dependencies/SDL/CMakeFiles/CheckOBJC/CMakeFiles/3.24.4/CompilerIdOBJC/CompilerIdOBJC.build/Debug/CompilerIdOBJC.build/DerivedSources -F/Users/abhishekshivakumar/gamedev/shadow/Example/SpriteSheet/Engine/dependencies/SDL/CMakeFiles/CheckOBJC/CMakeFiles/3.24.4/CompilerIdOBJC -MMD -MT dependencies -MF /Users/abhishekshivakumar/gamedev/shadow/Example/SpriteSheet/Engine/dependencies/SDL/CMakeFiles/CheckOBJC/CMakeFiles/3.24.4/CompilerIdOBJC/CompilerIdOBJC.build/Debug/CompilerIdOBJC.build/Objects-normal/arm64/CMakeOBJCCompilerId.d --serialize-diagnostics /Users/abhishekshivakumar/gamedev/shadow/Example/SpriteSheet/Engine/dependencies/SDL/CMakeFiles/CheckOBJC/CMakeFiles/3.24.4/CompilerIdOBJC/CompilerIdOBJC.build/Debug/CompilerIdOBJC.build/Objects-normal/arm64/CMakeOBJCCompilerId.dia -c /Users/abhishekshivakumar/gamedev/shadow/Example/SpriteSheet/Engine/dependencies/SDL/CMakeFiles/CheckOBJC/CMakeFiles/3.24.4/CompilerIdOBJC/CMakeOBJCCompilerId.m -o /Users/abhishekshivakumar/gamedev/shadow/Example/SpriteSheet/Engine/dependencies/SDL/CMakeFiles/CheckOBJC/CMakeFiles/3.24.4/CompilerIdOBJC/CompilerIdOBJC.build/Debug/CompilerIdOBJC.build/Objects-normal/arm64/CMakeOBJCCompilerId.o

Ld /Users/abhishekshivakumar/gamedev/shadow/Example/SpriteSheet/Engine/dependencies/SDL/CMakeFiles/CheckOBJC/CMakeFiles/3.24.4/CompilerIdOBJC/CompilerIdOBJC normal (in target 'CompilerIdOBJC' from project 'CompilerIdOBJC')
    cd /Users/abhishekshivakumar/gamedev/shadow/Example/SpriteSheet/Engine/dependencies/SDL/CMakeFiles/CheckOBJC/CMakeFiles/3.24.4/CompilerIdOBJC
    /Applications/Xcode.app/Contents/Developer/Toolchains/XcodeDefault.xctoolchain/usr/bin/clang -Xlinker -reproducible -target arm64-apple-macos14.2 -isysroot /Applications/Xcode.app/Contents/Developer/Platforms/MacOSX.platform/Developer/SDKs/MacOSX14.2.sdk -Os -L/Users/abhishekshivakumar/gamedev/shadow/Example/SpriteSheet/Engine/dependencies/SDL/CMakeFiles/CheckOBJC/CMakeFiles/3.24.4/CompilerIdOBJC/EagerLinkingTBDs/Debug -L/Users/abhishekshivakumar/gamedev/shadow/Example/SpriteSheet/Engine/dependencies/SDL/CMakeFiles/CheckOBJC/CMakeFiles/3.24.4/CompilerIdOBJC -F/Users/abhishekshivakumar/gamedev/shadow/Example/SpriteSheet/Engine/dependencies/SDL/CMakeFiles/CheckOBJC/CMakeFiles/3.24.4/CompilerIdOBJC/EagerLinkingTBDs/Debug -F/Users/abhishekshivakumar/gamedev/shadow/Example/SpriteSheet/Engine/dependencies/SDL/CMakeFiles/CheckOBJC/CMakeFiles/3.24.4/CompilerIdOBJC -filelist /Users/abhishekshivakumar/gamedev/shadow/Example/SpriteSheet/Engine/dependencies/SDL/CMakeFiles/CheckOBJC/CMakeFiles/3.24.4/CompilerIdOBJC/CompilerIdOBJC.build/Debug/CompilerIdOBJC.build/Objects-normal/arm64/CompilerIdOBJC.LinkFileList -Xlinker -object_path_lto -Xlinker /Users/abhishekshivakumar/gamedev/shadow/Example/SpriteSheet/Engine/dependencies/SDL/CMakeFiles/CheckOBJC/CMakeFiles/3.24.4/CompilerIdOBJC/CompilerIdOBJC.build/Debug/CompilerIdOBJC.build/Objects-normal/arm64/CompilerIdOBJC_lto.o -fobjc-link-runtime -Xlinker -no_adhoc_codesign -Xlinker -dependency_info -Xlinker /Users/abhishekshivakumar/gamedev/shadow/Example/SpriteSheet/Engine/dependencies/SDL/CMakeFiles/CheckOBJC/CMakeFiles/3.24.4/CompilerIdOBJC/CompilerIdOBJC.build/Debug/CompilerIdOBJC.build/Objects-normal/arm64/CompilerIdOBJC_dependency_info.dat -o /Users/abhishekshivakumar/gamedev/shadow/Example/SpriteSheet/Engine/dependencies/SDL/CMakeFiles/CheckOBJC/CMakeFiles/3.24.4/CompilerIdOBJC/CompilerIdOBJC

WriteAuxiliaryFile /Users/abhishekshivakumar/gamedev/shadow/Example/SpriteSheet/Engine/dependencies/SDL/CMakeFiles/CheckOBJC/CMakeFiles/3.24.4/CompilerIdOBJC/CompilerIdOBJC.build/Debug/CompilerIdOBJC.build/Script-2C8FEB8E15DC1A1A00E56A5D.sh (in target 'CompilerIdOBJC' from project 'CompilerIdOBJC')
    cd /Users/abhishekshivakumar/gamedev/shadow/Example/SpriteSheet/Engine/dependencies/SDL/CMakeFiles/CheckOBJC/CMakeFiles/3.24.4/CompilerIdOBJC
    write-file /Users/abhishekshivakumar/gamedev/shadow/Example/SpriteSheet/Engine/dependencies/SDL/CMakeFiles/CheckOBJC/CMakeFiles/3.24.4/CompilerIdOBJC/CompilerIdOBJC.build/Debug/CompilerIdOBJC.build/Script-2C8FEB8E15DC1A1A00E56A5D.sh

PhaseScriptExecution Run\ Script /Users/abhishekshivakumar/gamedev/shadow/Example/SpriteSheet/Engine/dependencies/SDL/CMakeFiles/CheckOBJC/CMakeFiles/3.24.4/CompilerIdOBJC/CompilerIdOBJC.build/Debug/CompilerIdOBJC.build/Script-2C8FEB8E15DC1A1A00E56A5D.sh (in target 'CompilerIdOBJC' from project 'CompilerIdOBJC')
    cd /Users/abhishekshivakumar/gamedev/shadow/Example/SpriteSheet/Engine/dependencies/SDL/CMakeFiles/CheckOBJC/CMakeFiles/3.24.4/CompilerIdOBJC
    /bin/sh -c /Users/abhishekshivakumar/gamedev/shadow/Example/SpriteSheet/Engine/dependencies/SDL/CMakeFiles/CheckOBJC/CMakeFiles/3.24.4/CompilerIdOBJC/CompilerIdOBJC.build/Debug/CompilerIdOBJC.build/Script-2C8FEB8E15DC1A1A00E56A5D.sh
GCC_VERSION=com.apple.compilers.llvm.clang.1_0
ARCHS=arm64

CodeSign /Users/abhishekshivakumar/gamedev/shadow/Example/SpriteSheet/Engine/dependencies/SDL/CMakeFiles/CheckOBJC/CMakeFiles/3.24.4/CompilerIdOBJC/CompilerIdOBJC (in target 'CompilerIdOBJC' from project 'CompilerIdOBJC')
    cd /Users/abhishekshivakumar/gamedev/shadow/Example/SpriteSheet/Engine/dependencies/SDL/CMakeFiles/CheckOBJC/CMakeFiles/3.24.4/CompilerIdOBJC
    
    Signing Identity:     "-"
    
    /usr/bin/codesign --force --sign - --entitlements /Users/abhishekshivakumar/gamedev/shadow/Example/SpriteSheet/Engine/dependencies/SDL/CMakeFiles/CheckOBJC/CMakeFiles/3.24.4/CompilerIdOBJC/CompilerIdOBJC.build/Debug/CompilerIdOBJC.build/CompilerIdOBJC.xcent --timestamp\=none --generate-entitlement-der /Users/abhishekshivakumar/gamedev/shadow/Example/SpriteSheet/Engine/dependencies/SDL/CMakeFiles/CheckOBJC/CMakeFiles/3.24.4/CompilerIdOBJC/CompilerIdOBJC

RegisterExecutionPolicyException /Users/abhishekshivakumar/gamedev/shadow/Example/SpriteSheet/Engine/dependencies/SDL/CMakeFiles/CheckOBJC/CMakeFiles/3.24.4/CompilerIdOBJC/CompilerIdOBJC (in target 'CompilerIdOBJC' from project 'CompilerIdOBJC')
    cd /Users/abhishekshivakumar/gamedev/shadow/Example/SpriteSheet/Engine/dependencies/SDL/CMakeFiles/CheckOBJC/CMakeFiles/3.24.4/CompilerIdOBJC
    builtin-RegisterExecutionPolicyException /Users/abhishekshivakumar/gamedev/shadow/Example/SpriteSheet/Engine/dependencies/SDL/CMakeFiles/CheckOBJC/CMakeFiles/3.24.4/CompilerIdOBJC/CompilerIdOBJC

warning: Traditional headermap style is no longer supported; please migrate to using separate headermaps and set 'ALWAYS_SEARCH_USER_PATHS' to NO. (in target 'CompilerIdOBJC' from project 'CompilerIdOBJC')
note: Run script build phase 'Run Script' will be run during every build because the option to run the script phase "Based on dependency analysis" is unchecked. (in target 'CompilerIdOBJC' from project 'CompilerIdOBJC')
** BUILD SUCCEEDED **



Compilation of the OBJC compiler identification source "CMakeOBJCCompilerId.m" produced "CompilerIdOBJC"

The OBJC compiler identification is AppleClang, found in "/Users/abhishekshivakumar/gamedev/shadow/Example/SpriteSheet/Engine/dependencies/SDL/CMakeFiles/CheckOBJC/CMakeFiles/3.24.4/CompilerIdOBJC/CompilerIdOBJC"

Detecting OBJC compiler ABI info compiled with the following output:
Change Dir: /Users/abhishekshivakumar/gamedev/shadow/Example/SpriteSheet/Engine/dependencies/SDL/CMakeFiles/CheckOBJC/CMakeFiles/CMakeTmp

Run Build Command(s):/usr/bin/xcodebuild -project CMAKE_TRY_COMPILE.xcodeproj build -target cmTC_df32e -parallelizeTargets -configuration Debug -hideShellScriptEnvironment && Command line invocation:
    /Applications/Xcode.app/Contents/Developer/usr/bin/xcodebuild -project CMAKE_TRY_COMPILE.xcodeproj build -target cmTC_df32e -parallelizeTargets -configuration Debug -hideShellScriptEnvironment

User defaults from command line:
    HideShellScriptEnvironment = YES
    IDEPackageSupportUseBuiltinSCM = YES

ComputeTargetDependencyGraph
note: Building targets in dependency order
note: Target dependency graph (1 target)
    Target 'cmTC_df32e' in project 'CMAKE_TRY_COMPILE' (no dependencies)

GatherProvisioningInputs

CreateBuildDescription
Build description signature: 3cb7e0cc84da7a05bad28b1cc5749061
Build description path: /Users/abhishekshivakumar/gamedev/shadow/Example/SpriteSheet/Engine/dependencies/SDL/CMakeFiles/CheckOBJC/CMakeFiles/CMakeTmp/build/XCBuildData/3cb7e0cc84da7a05bad28b1cc5749061.xcbuilddata

CreateBuildDirectory /Users/abhishekshivakumar/gamedev/shadow/Example/SpriteSheet/Engine/dependencies/SDL/CMakeFiles/CheckOBJC/CMakeFiles/CMakeTmp
    cd /Users/abhishekshivakumar/gamedev/shadow/Example/SpriteSheet/Engine/dependencies/SDL/CMakeFiles/CheckOBJC/CMakeFiles/CMakeTmp/CMAKE_TRY_COMPILE.xcodeproj
    builtin-create-build-directory /Users/abhishekshivakumar/gamedev/shadow/Example/SpriteSheet/Engine/dependencies/SDL/CMakeFiles/CheckOBJC/CMakeFiles/CMakeTmp

ClangStatCache /Applications/Xcode.app/Contents/Developer/Toolchains/XcodeDefault.xctoolchain/usr/bin/clang-stat-cache /Applications/Xcode.app/Contents/Developer/Platforms/MacOSX.platform/Developer/SDKs/MacOSX14.2.sdk /var/folders/x5/smn11rt108jfspkvy3k6yl880000gn/C/com.apple.DeveloperTools/15.2-15C500b/Xcode/SDKStatCaches.noindex/macosx14.2-23C53-df0db8920d7ae99241a1bc0f08d2dced.sdkstatcache
    cd /Users/abhishekshivakumar/gamedev/shadow/Example/SpriteSheet/Engine/dependencies/SDL/CMakeFiles/CheckOBJC/CMakeFiles/CMakeTmp/CMAKE_TRY_COMPILE.xcodeproj
    /Applications/Xcode.app/Contents/Developer/Toolchains/XcodeDefault.xctoolchain/usr/bin/clang-stat-cache /Applications/Xcode.app/Contents/Developer/Platforms/MacOSX.platform/Developer/SDKs/MacOSX14.2.sdk -o /var/folders/x5/smn11rt108jfspkvy3k6yl880000gn/C/com.apple.DeveloperTools/15.2-15C500b/Xcode/SDKStatCaches.noindex/macosx14.2-23C53-df0db8920d7ae99241a1bc0f08d2dced.sdkstatcache

CreateBuildDirectory /Users/abhishekshivakumar/gamedev/shadow/Example/SpriteSheet/Engine/dependencies/SDL/CMakeFiles/CheckOBJC/CMakeFiles/CMakeTmp/Debug
    cd /Users/abhishekshivakumar/gamedev/shadow/Example/SpriteSheet/Engine/dependencies/SDL/CMakeFiles/CheckOBJC/CMakeFiles/CMakeTmp/CMAKE_TRY_COMPILE.xcodeproj
    builtin-create-build-directory /Users/abhishekshivakumar/gamedev/shadow/Example/SpriteSheet/Engine/dependencies/SDL/CMakeFiles/CheckOBJC/CMakeFiles/CMakeTmp/Debug

CreateBuildDirectory /Users/abhishekshivakumar/gamedev/shadow/Example/SpriteSheet/Engine/dependencies/SDL/CMakeFiles/CheckOBJC/CMakeFiles/CMakeTmp/EagerLinkingTBDs/Debug
    cd /Users/abhishekshivakumar/gamedev/shadow/Example/SpriteSheet/Engine/dependencies/SDL/CMakeFiles/CheckOBJC/CMakeFiles/CMakeTmp/CMAKE_TRY_COMPILE.xcodeproj
    builtin-create-build-directory /Users/abhishekshivakumar/gamedev/shadow/Example/SpriteSheet/Engine/dependencies/SDL/CMakeFiles/CheckOBJC/CMakeFiles/CMakeTmp/EagerLinkingTBDs/Debug

WriteAuxiliaryFile /Users/abhishekshivakumar/gamedev/shadow/Example/SpriteSheet/Engine/dependencies/SDL/CMakeFiles/CheckOBJC/CMakeFiles/CMakeTmp/CMAKE_TRY_COMPILE.build/Debug/cmTC_df32e.build/Objects-normal/arm64/cmTC_df32e.LinkFileList (in target 'cmTC_df32e' from project 'CMAKE_TRY_COMPILE')
    cd /Users/abhishekshivakumar/gamedev/shadow/Example/SpriteSheet/Engine/dependencies/SDL/CMakeFiles/CheckOBJC/CMakeFiles/CMakeTmp
    write-file /Users/abhishekshivakumar/gamedev/shadow/Example/SpriteSheet/Engine/dependencies/SDL/CMakeFiles/CheckOBJC/CMakeFiles/CMakeTmp/CMAKE_TRY_COMPILE.build/Debug/cmTC_df32e.build/Objects-normal/arm64/cmTC_df32e.LinkFileList

CompileC /Users/abhishekshivakumar/gamedev/shadow/Example/SpriteSheet/Engine/dependencies/SDL/CMakeFiles/CheckOBJC/CMakeFiles/CMakeTmp/CMAKE_TRY_COMPILE.build/Debug/cmTC_df32e.build/Objects-normal/arm64/CMakeOBJCCompilerABI.o /opt/local/share/cmake-3.24/Modules/CMakeOBJCCompilerABI.m normal arm64 objective-c com.apple.compilers.llvm.clang.1_0.compiler (in target 'cmTC_df32e' from project 'CMAKE_TRY_COMPILE')
    cd /Users/abhishekshivakumar/gamedev/shadow/Example/SpriteSheet/Engine/dependencies/SDL/CMakeFiles/CheckOBJC/CMakeFiles/CMakeTmp
    /Applications/Xcode.app/Contents/Developer/Toolchains/XcodeDefault.xctoolchain/usr/bin/clang -x objective-c -ivfsstatcache /var/folders/x5/smn11rt108jfspkvy3k6yl880000gn/C/com.apple.DeveloperTools/15.2-15C500b/Xcode/SDKStatCaches.noindex/macosx14.2-23C53-df0db8920d7ae99241a1bc0f08d2dced.sdkstatcache -target arm64-apple-macos14.2 -fmessage-length\=0 -fdiagnostics-show-note-include-stack -fmacro-backtrace-limit\=0 -fno-color-diagnostics -Wno-trigraphs -fpascal-strings -O0 -Wno-missing-field-initializers -Wno-missing-prototypes -Wno-return-type -Wno-implicit-atomic-properties -Wno-objc-interface-ivars -Wno-arc-repeated-use-of-weak -Wno-missing-braces -Wparentheses -Wswitch -Wno-unused-function -Wno-unused-label -Wno-unused-parameter -Wno-unused-variable -Wunused-value -Wno-empty-body -Wno-uninitialized -Wno-unknown-pragmas -Wno-shadow -Wno-four-char-constants -Wno-conversion -Wno-constant-conversion -Wno-int-conversion -Wno-bool-conversion -Wno-enum-conversion -Wno-float-conversion -Wno-non-literal-null-conversion -Wno-objc-literal-conversion -Wshorten-64-to-32 -Wpointer-sign -Wno-newline-eof -Wno-selector -Wno-strict-selector-match -Wno-undeclared-selector -Wno-deprecated-implementations -Wno-implicit-fallthrough -DCMAKE_INTDIR\=\"Debug\" -DOBJC_OLD_DISPATCH_PROTOTYPES\=1 -isysroot /Applications/Xcode.app/Contents/Developer/Platforms/MacOSX.platform/Developer/SDKs/MacOSX14.2.sdk -fstrict-aliasing -Wprotocol -Wdeprecated-declarations -g -Wno-sign-conversion -Wno-infinite-recursion -Wno-comma -Wno-block-capture-autoreleasing -Wno-strict-prototypes -Wno-semicolon-before-method-body -I/Users/abhishekshivakumar/gamedev/shadow/Example/SpriteSheet/Engine/dependencies/SDL/CMakeFiles/CheckOBJC/CMakeFiles/CMakeTmp/Debug/include -I/Users/abhishekshivakumar/gamedev/shadow/Example/SpriteSheet/Engine/dependencies/SDL/CMakeFiles/CheckOBJC/CMakeFiles/CMakeTmp/CMAKE_TRY_COMPILE.build/Debug/cmTC_df32e.build/DerivedSources-normal/arm64 -I/Users/abhishekshivakumar/gamedev/shadow/Example/SpriteSheet/Engine/dependencies/SDL/CMakeFiles/CheckOBJC/CMakeFiles/CMakeTmp/CMAKE_TRY_COMPILE.build/Debug/cmTC_df32e.build/DerivedSources/arm64 -I/Users/abhishekshivakumar/gamedev/shadow/Example/SpriteSheet/Engine/dependencies/SDL/CMakeFiles/CheckOBJC/CMakeFiles/CMakeTmp/CMAKE_TRY_COMPILE.build/Debug/cmTC_df32e.build/DerivedSources -F/Users/abhishekshivakumar/gamedev/shadow/Example/SpriteSheet/Engine/dependencies/SDL/CMakeFiles/CheckOBJC/CMakeFiles/CMakeTmp/Debug -v -Wl,-v -MMD -MT dependencies -MF /Users/abhishekshivakumar/gamedev/shadow/Example/SpriteSheet/Engine/dependencies/SDL/CMakeFiles/CheckOBJC/CMakeFiles/CMakeTmp/CMAKE_TRY_COMPILE.build/Debug/cmTC_df32e.build/Objects-normal/arm64/CMakeOBJCCompilerABI.d --serialize-diagnostics /Users/abhishekshivakumar/gamedev/shadow/Example/SpriteSheet/Engine/dependencies/SDL/CMakeFiles/CheckOBJC/CMakeFiles/CMakeTmp/CMAKE_TRY_COMPILE.build/Debug/cmTC_df32e.build/Objects-normal/arm64/CMakeOBJCCompilerABI.dia -c /opt/local/share/cmake-3.24/Modules/CMakeOBJCCompilerABI.m -o /Users/abhishekshivakumar/gamedev/shadow/Example/SpriteSheet/Engine/dependencies/SDL/CMakeFiles/CheckOBJC/CMakeFiles/CMakeTmp/CMAKE_TRY_COMPILE.build/Debug/cmTC_df32e.build/Objects-normal/arm64/CMakeOBJCCompilerABI.o
Apple clang version 15.0.0 (clang-1500.1.0.2.5)
Target: arm64-apple-macos14.2
Thread model: posix
InstalledDir: /Applications/Xcode.app/Contents/Developer/Toolchains/XcodeDefault.xctoolchain/usr/bin
clang: warning: -Wl,-v: 'linker' input unused [-Wunused-command-line-argument]
 "/Applications/Xcode.app/Contents/Developer/Toolchains/XcodeDefault.xctoolchain/usr/bin/clang" -cc1 -triple arm64-apple-macosx14.2.0 -Wundef-prefix=TARGET_OS_ -Wdeprecated-objc-isa-usage -Werror=deprecated-objc-isa-usage -Werror=implicit-function-declaration -emit-obj -mrelax-all --mrelax-relocations -disable-free -clear-ast-before-backend -disable-llvm-verifier -discard-value-names -main-file-name CMakeOBJCCompilerABI.m -mrelocation-model pic -pic-level 2 -mframe-pointer=non-leaf -fno-strict-return -ffp-contract=on -fno-rounding-math -funwind-tables=1 -fobjc-msgsend-selector-stubs -target-sdk-version=14.2 -fvisibility-inlines-hidden-static-local-var -target-cpu apple-m1 -target-feature +v8.5a -target-feature +crc -target-feature +lse -target-feature +rdm -target-feature +crypto -target-feature +dotprod -target-feature +fp-armv8 -target-feature +neon -target-feature +fp16fml -target-feature +ras -target-feature +rcpc -target-feature +zcm -target-feature +zcz -target-feature +fullfp16 -target-feature +sm4 -target-feature +sha3 -target-feature +sha2 -target-feature +aes -target-abi darwinpcs -mllvm -treat-scalable-fixed-error-as-warning -debug-info-kind=standalone -dwarf-version=4 -debugger-tuning=lldb -target-linker-version 1022.1 -v -fcoverage-compilation-dir=/Users/abhishekshivakumar/gamedev/shadow/Example/SpriteSheet/Engine/dependencies/SDL/CMakeFiles/CheckOBJC/CMakeFiles/CMakeTmp -resource-dir /Applications/Xcode.app/Contents/Developer/Toolchains/XcodeDefault.xctoolchain/usr/lib/clang/15.0.0 -dependency-file /Users/abhishekshivakumar/gamedev/shadow/Example/SpriteSheet/Engine/dependencies/SDL/CMakeFiles/CheckOBJC/CMakeFiles/CMakeTmp/CMAKE_TRY_COMPILE.build/Debug/cmTC_df32e.build/Objects-normal/arm64/CMakeOBJCCompilerABI.d -skip-unused-modulemap-deps -MT dependencies -ivfsstatcache /var/folders/x5/smn11rt108jfspkvy3k6yl880000gn/C/com.apple.DeveloperTools/15.2-15C500b/Xcode/SDKStatCaches.noindex/macosx14.2-23C53-df0db8920d7ae99241a1bc0f08d2dced.sdkstatcache -isysroot /Applications/Xcode.app/Contents/Developer/Platforms/MacOSX.platform/Developer/SDKs/MacOSX14.2.sdk -D "CMAKE_INTDIR=\"Debug\"" -D OBJC_OLD_DISPATCH_PROTOTYPES=1 -I /Users/abhishekshivakumar/gamedev/shadow/Example/SpriteSheet/Engine/dependencies/SDL/CMakeFiles/CheckOBJC/CMakeFiles/CMakeTmp/Debug/include -I /Users/abhishekshivakumar/gamedev/shadow/Example/SpriteSheet/Engine/dependencies/SDL/CMakeFiles/CheckOBJC/CMakeFiles/CMakeTmp/CMAKE_TRY_COMPILE.build/Debug/cmTC_df32e.build/DerivedSources-normal/arm64 -I /Users/abhishekshivakumar/gamedev/shadow/Example/SpriteSheet/Engine/dependencies/SDL/CMakeFiles/CheckOBJC/CMakeFiles/CMakeTmp/CMAKE_TRY_COMPILE.build/Debug/cmTC_df32e.build/DerivedSources/arm64 -I /Users/abhishekshivakumar/gamedev/shadow/Example/SpriteSheet/Engine/dependencies/SDL/CMakeFiles/CheckOBJC/CMakeFiles/CMakeTmp/CMAKE_TRY_COMPILE.build/Debug/cmTC_df32e.build/DerivedSources -F/Users/abhishekshivakumar/gamedev/shadow/Example/SpriteSheet/Engine/dependencies/SDL/CMakeFiles/CheckOBJC/CMakeFiles/CMakeTmp/Debug -internal-isystem /Applications/Xcode.app/Contents/Developer/Platforms/MacOSX.platform/Developer/SDKs/MacOSX14.2.sdk/usr/local/include -internal-isystem /Applications/Xcode.app/Contents/Developer/Toolchains/XcodeDefault.xctoolchain/usr/lib/clang/15.0.0/include -internal-externc-isystem /Applications/Xcode.app/Contents/Developer/Platforms/MacOSX.platform/Developer/SDKs/MacOSX14.2.sdk/usr/include -internal-externc-isystem /Applications/Xcode.app/Contents/Developer/Toolchains/XcodeDefault.xctoolchain/usr/include -O0 -Wno-trigraphs -Wno-missing-field-initializers -Wno-missing-prototypes -Wno-return-type -Wno-implicit-atomic-properties -Wno-objc-interface-ivars -Wno-arc-repeated-use-of-weak -Wno-missing-braces -Wparentheses -Wswitch -Wno-unused-function -Wno-unused-label -Wno-unused-parameter -Wno-unused-variable -Wunused-value -Wno-empty-body -Wno-uninitialized -Wno-unknown-pragmas -Wno-shadow -Wno-four-char-constants -Wno-conversion -Wno-constant-conversion -Wno-int-conversion -Wno-bool-conversion -Wno-enum-conversion -Wno-float-conversion -Wno-non-literal-null-conversion -Wno-objc-literal-conversion -Wshorten-64-to-32 -Wpointer-sign -Wno-newline-eof -Wno-selector -Wno-strict-selector-match -Wno-undeclared-selector -Wno-deprecated-implementations -Wno-implicit-fallthrough -Wprotocol -Wdeprecated-declarations -Wno-sign-conversion -Wno-infinite-recursion -Wno-comma -Wno-block-capture-autoreleasing -Wno-strict-prototypes -Wno-semicolon-before-method-body -Wno-reorder-init-list -Wno-implicit-int-float-conversion -Wno-c99-designator -Wno-final-dtor-non-final-class -Wno-extra-semi-stmt -Wno-misleading-indentation -Wno-quoted-include-in-framework-header -Wno-implicit-fallthrough -Wno-enum-enum-conversion -Wno-enum-float-conversion -Wno-elaborated-enum-base -Wno-reserved-identifier -Wno-gnu-folding-constant -fdebug-compilation-dir=/Users/abhishekshivakumar/gamedev/shadow/Example/SpriteSheet/Engine/dependencies/SDL/CMakeFiles/CheckOBJC/CMakeFiles/CMakeTmp -ferror-limit 19 -fmacro-backtrace-limit 0 -stack-protector 1 -fstack-check -mdarwin-stkchk-strong-link -fblocks -fencode-extended-block-signature -fregister-global-dtors-with-atexit -fgnuc-version=4.2.1 -fobjc-runtime=macosx-14.2.0 -fobjc-exceptions -fexceptions -fpascal-strings -fmax-type-align=16 -fcommon -fdiagnostics-show-note-include-stack -serialize-diagnostic-file /Users/abhishekshivakumar/gamedev/shadow/Example/SpriteSheet/Engine/dependencies/SDL/CMakeFiles/CheckOBJC/CMakeFiles/CMakeTmp/CMAKE_TRY_COMPILE.build/Debug/cmTC_df32e.build/Objects-normal/arm64/CMakeOBJCCompilerABI.dia -clang-vendor-feature=+disableNonDependentMemberExprInCurrentInstantiation -fno-odr-hash-protocols -clang-vendor-feature=+enableAggressiveVLAFolding -clang-vendor-feature=+revert09abecef7bbf -clang-vendor-feature=+thisNoAlignAttr -clang-vendor-feature=+thisNoNullAttr -mllvm -disable-aligned-alloc-awareness=1 -D__GCC_HAVE_DWARF2_CFI_ASM=1 -o /Users/abhishekshivakumar/gamedev/shadow/Example/SpriteSheet/Engine/dependencies/SDL/CMakeFiles/CheckOBJC/CMakeFiles/CMakeTmp/CMAKE_TRY_COMPILE.build/Debug/cmTC_df32e.build/Objects-normal/arm64/CMakeOBJCCompilerABI.o -x objective-c /opt/local/share/cmake-3.24/Modules/CMakeOBJCCompilerABI.m
clang -cc1 version 15.0.0 (clang-1500.1.0.2.5) default target arm64-apple-darwin23.6.0
ignoring nonexistent directory "/Users/abhishekshivakumar/gamedev/shadow/Example/SpriteSheet/Engine/dependencies/SDL/CMakeFiles/CheckOBJC/CMakeFiles/CMakeTmp/Debug/include"
ignoring nonexistent directory "/Users/abhishekshivakumar/gamedev/shadow/Example/SpriteSheet/Engine/dependencies/SDL/CMakeFiles/CheckOBJC/CMakeFiles/CMakeTmp/CMAKE_TRY_COMPILE.build/Debug/cmTC_df32e.build/DerivedSources-normal/arm64"
ignoring nonexistent directory "/Users/abhishekshivakumar/gamedev/shadow/Example/SpriteSheet/Engine/dependencies/SDL/CMakeFiles/CheckOBJC/CMakeFiles/CMakeTmp/CMAKE_TRY_COMPILE.build/Debug/cmTC_df32e.build/DerivedSources/arm64"
ignoring nonexistent directory "/Users/abhishekshivakumar/gamedev/shadow/Example/SpriteSheet/Engine/dependencies/SDL/CMakeFiles/CheckOBJC/CMakeFiles/CMakeTmp/CMAKE_TRY_COMPILE.build/Debug/cmTC_df32e.build/DerivedSources"
ignoring nonexistent directory "/Applications/Xcode.app/Contents/Developer/Platforms/MacOSX.platform/Developer/SDKs/MacOSX14.2.sdk/usr/local/include"
ignoring nonexistent directory "/Applications/Xcode.app/Contents/Developer/Platforms/MacOSX.platform/Developer/SDKs/MacOSX14.2.sdk/Library/Frameworks"
#include "..." search starts here:
#include <...> search starts here:
 /Users/abhishekshivakumar/gamedev/shadow/Example/SpriteSheet/Engine/dependencies/SDL/CMakeFiles/CheckOBJC/CMakeFiles/CMakeTmp/Debug (framework directory)
 /Applications/Xcode.app/Contents/Developer/Toolchains/XcodeDefault.xctoolchain/usr/lib/clang/15.0.0/include
 /Applications/Xcode.app/Contents/Developer/Platforms/MacOSX.platform/Developer/SDKs/MacOSX14.2.sdk/usr/include
 /Applications/Xcode.app/Contents/Developer/Toolchains/XcodeDefault.xctoolchain/usr/include
 /Applications/Xcode.app/Contents/Developer/Platforms/MacOSX.platform/Developer/SDKs/MacOSX14.2.sdk/System/Library/Frameworks (framework directory)
End of search list.

Ld /Users/abhishekshivakumar/gamedev/shadow/Example/SpriteSheet/Engine/dependencies/SDL/CMakeFiles/CheckOBJC/CMakeFiles/CMakeTmp/Debug/cmTC_df32e normal (in target 'cmTC_df32e' from project 'CMAKE_TRY_COMPILE')
    cd /Users/abhishekshivakumar/gamedev/shadow/Example/SpriteSheet/Engine/dependencies/SDL/CMakeFiles/CheckOBJC/CMakeFiles/CMakeTmp
    /Applications/Xcode.app/Contents/Developer/Toolchains/XcodeDefault.xctoolchain/usr/bin/clang -Xlinker -reproducible -target arm64-apple-macos14.2 -isysroot /Applications/Xcode.app/Contents/Developer/Platforms/MacOSX.platform/Developer/SDKs/MacOSX14.2.sdk -O0 -L/Users/abhishekshivakumar/gamedev/shadow/Example/SpriteSheet/Engine/dependencies/SDL/CMakeFiles/CheckOBJC/CMakeFiles/CMakeTmp/EagerLinkingTBDs/Debug -L/Users/abhishekshivakumar/gamedev/shadow/Example/SpriteSheet/Engine/dependencies/SDL/CMakeFiles/CheckOBJC/CMakeFiles/CMakeTmp/Debug -F/Users/abhishekshivakumar/gamedev/shadow/Example/SpriteSheet/Engine/dependencies/SDL/CMakeFiles/CheckOBJC/CMakeFiles/CMakeTmp/EagerLinkingTBDs/Debug -F/Users/abhishekshivakumar/gamedev/shadow/Example/SpriteSheet/Engine/dependencies/SDL/CMakeFiles/CheckOBJC/CMakeFiles/CMakeTmp/Debug -filelist /Users/abhishekshivakumar/gamedev/shadow/Example/SpriteSheet/Engine/dependencies/SDL/CMakeFiles/CheckOBJC/CMakeFiles/CMakeTmp/CMAKE_TRY_COMPILE.build/Debug/cmTC_df32e.build/Objects-normal/arm64/cmTC_df32e.LinkFileList -Xlinker -object_path_lto -Xlinker /Users/abhishekshivakumar/gamedev/shadow/Example/SpriteSheet/Engine/dependencies/SDL/CMakeFiles/CheckOBJC/CMakeFiles/CMakeTmp/CMAKE_TRY_COMPILE.build/Debug/cmTC_df32e.build/Objects-normal/arm64/cmTC_df32e_lto.o -Xlinker -no_deduplicate -fobjc-link-runtime -L/opt/homebrew/lib -v -Wl,-v -Wl,-search_paths_first -Wl,-headerpad_max_install_names -Xlinker -dependency_info -Xlinker /Users/abhishekshivakumar/gamedev/shadow/Example/SpriteSheet/Engine/dependencies/SDL/CMakeFiles/CheckOBJC/CMakeFiles/CMakeTmp/CMAKE_TRY_COMPILE.build/Debug/cmTC_df32e.build/Objects-normal/arm64/cmTC_df32e_dependency_info.dat -o /Users/abhishekshivakumar/gamedev/shadow/Example/SpriteSheet/Engine/dependencies/SDL/CMakeFiles/CheckOBJC/CMakeFiles/CMakeTmp/Debug/cmTC_df32e
Apple clang version 15.0.0 (clang-1500.1.0.2.5)
Target: arm64-apple-macos14.2
Thread model: posix
InstalledDir: /Applications/Xcode.app/Contents/Developer/Toolchains/XcodeDefault.xctoolchain/usr/bin
 "/Applications/Xcode.app/Contents/Developer/Toolchains/XcodeDefault.xctoolchain/usr/bin/ld" -demangle -lto_library /Applications/Xcode.app/Contents/Developer/Toolchains/XcodeDefault.xctoolchain/usr/lib/libLTO.dylib -no_deduplicate -dynamic -arch arm64 -platform_version macos 14.2.0 14.2 -syslibroot /Applications/Xcode.app/Contents/Developer/Platforms/MacOSX.platform/Developer/SDKs/MacOSX14.2.sdk -O0 -o /Users/abhishekshivakumar/gamedev/shadow/Example/SpriteSheet/Engine/dependencies/SDL/CMakeFiles/CheckOBJC/CMakeFiles/CMakeTmp/Debug/cmTC_df32e -L/Users/abhishekshivakumar/gamedev/shadow/Example/SpriteSheet/Engine/dependencies/SDL/CMakeFiles/CheckOBJC/CMakeFiles/CMakeTmp/EagerLinkingTBDs/Debug -L/Users/abhishekshivakumar/gamedev/shadow/Example/SpriteSheet/Engine/dependencies/SDL/CMakeFiles/CheckOBJC/CMakeFiles/CMakeTmp/Debug -L/opt/homebrew/lib -reproducible -filelist /Users/abhishekshivakumar/gamedev/shadow/Example/SpriteSheet/Engine/dependencies/SDL/CMakeFiles/CheckOBJC/CMakeFiles/CMakeTmp/CMAKE_TRY_COMPILE.build/Debug/cmTC_df32e.build/Objects-normal/arm64/cmTC_df32e.LinkFileList -object_path_lto /Users/abhishekshivakumar/gamedev/shadow/Example/SpriteSheet/Engine/dependencies/SDL/CMakeFiles/CheckOBJC/CMakeFiles/CMakeTmp/CMAKE_TRY_COMPILE.build/Debug/cmTC_df32e.build/Objects-normal/arm64/cmTC_df32e_lto.o -no_deduplicate -v -search_paths_first -headerpad_max_install_names -dependency_info /Users/abhishekshivakumar/gamedev/shadow/Example/SpriteSheet/Engine/dependencies/SDL/CMakeFiles/CheckOBJC/CMakeFiles/CMakeTmp/CMAKE_TRY_COMPILE.build/Debug/cmTC_df32e.build/Objects-normal/arm64/cmTC_df32e_dependency_info.dat -framework Foundation -lobjc -lSystem /Applications/Xcode.app/Contents/Developer/Toolchains/XcodeDefault.xctoolchain/usr/lib/clang/15.0.0/lib/darwin/libclang_rt.osx.a -F/Users/abhishekshivakumar/gamedev/shadow/Example/SpriteSheet/Engine/dependencies/SDL/CMakeFiles/CheckOBJC/CMakeFiles/CMakeTmp/EagerLinkingTBDs/Debug -F/Users/abhishekshivakumar/gamedev/shadow/Example/SpriteSheet/Engine/dependencies/SDL/CMakeFiles/CheckOBJC/CMakeFiles/CMakeTmp/Debug
@(#)PROGRAM:ld  PROJECT:dyld-1022.1
BUILD 05:27:37 Dec  7 2023
configured to support archs: armv6 armv7 armv7s arm64 arm64e arm64_32 i386 x86_64 x86_64h
will use ld-classic for: armv6 armv7 armv7s arm64_32 i386 armv6m armv7k armv7m armv7em
LTO support using: LLVM version 15.0.0 (static support for 29, runtime is 29)
TAPI support using: Apple TAPI version 15.0.0 (tapi-1500.0.12.8)
Library search paths:
	/Users/abhishekshivakumar/gamedev/shadow/Example/SpriteSheet/Engine/dependencies/SDL/CMakeFiles/CheckOBJC/CMakeFiles/CMakeTmp/EagerLinkingTBDs/Debug
	/Users/abhishekshivakumar/gamedev/shadow/Example/SpriteSheet/Engine/dependencies/SDL/CMakeFiles/CheckOBJC/CMakeFiles/CMakeTmp/Debug
	/opt/homebrew/lib
Framework search paths:
	/Users/abhishekshivakumar/gamedev/shadow/Example/SpriteSheet/Engine/dependencies/SDL/CMakeFiles/CheckOBJC/CMakeFiles/CMakeTmp/EagerLinkingTBDs/Debug
	/Users/abhishekshivakumar/gamedev/shadow/Example/SpriteSheet/Engine/dependencies/SDL/CMakeFiles/CheckOBJC/CMakeFiles/CMakeTmp/Debug

RegisterExecutionPolicyException /Users/abhishekshivakumar/gamedev/shadow/Example/SpriteSheet/Engine/dependencies/SDL/CMakeFiles/CheckOBJC/CMakeFiles/CMakeTmp/Debug/cmTC_df32e (in target 'cmTC_df32e' from project 'CMAKE_TRY_COMPILE')
    cd /Users/abhishekshivakumar/gamedev/shadow/Example/SpriteSheet/Engine/dependencies/SDL/CMakeFiles/CheckOBJC/CMakeFiles/CMakeTmp
    builtin-RegisterExecutionPolicyException /Users/abhishekshivakumar/gamedev/shadow/Example/SpriteSheet/Engine/dependencies/SDL/CMakeFiles/CheckOBJC/CMakeFiles/CMakeTmp/Debug/cmTC_df32e

** BUILD SUCCEEDED **




Parsed OBJC implicit include dir info from above output: rv=done
  found start of include info
  found start of implicit include info
    add: [/Applications/Xcode.app/Contents/Developer/Toolchains/XcodeDefault.xctoolchain/usr/lib/clang/15.0.0/include]
    add: [/Applications/Xcode.app/Contents/Developer/Platforms/MacOSX.platform/Developer/SDKs/MacOSX14.2.sdk/usr/include]
    add: [/Applications/Xcode.app/Contents/Developer/Toolchains/XcodeDefault.xctoolchain/usr/include]
  end of search list found
  collapse include dir [/Applications/Xcode.app/Contents/Developer/Toolchains/XcodeDefault.xctoolchain/usr/lib/clang/15.0.0/include] ==> [/Applications/Xcode.app/Contents/Developer/Toolchains/XcodeDefault.xctoolchain/usr/lib/clang/15.0.0/include]
  collapse include dir [/Applications/Xcode.app/Contents/Developer/Platforms/MacOSX.platform/Developer/SDKs/MacOSX14.2.sdk/usr/include] ==> [/Applications/Xcode.app/Contents/Developer/Platforms/MacOSX.platform/Developer/SDKs/MacOSX14.2.sdk/usr/include]
  collapse include dir [/Applications/Xcode.app/Contents/Developer/Toolchains/XcodeDefault.xctoolchain/usr/include] ==> [/Applications/Xcode.app/Contents/Developer/Toolchains/XcodeDefault.xctoolchain/usr/include]
  implicit include dirs: [/Applications/Xcode.app/Contents/Developer/Toolchains/XcodeDefault.xctoolchain/usr/lib/clang/15.0.0/include;/Applications/Xcode.app/Contents/Developer/Platforms/MacOSX.platform/Developer/SDKs/MacOSX14.2.sdk/usr/include;/Applications/Xcode.app/Contents/Developer/Toolchains/XcodeDefault.xctoolchain/usr/include]


Parsed OBJC implicit link information from above output:
  link line regex: [^( *|.*[/\])(ld|CMAKE_LINK_STARTFILE-NOTFOUND|([^/\]+-)?ld|collect2)[^/\]*( |$)]
  ignore line: [Change Dir: /Users/abhishekshivakumar/gamedev/shadow/Example/SpriteSheet/Engine/dependencies/SDL/CMakeFiles/CheckOBJC/CMakeFiles/CMakeTmp]
  ignore line: []
  ignore line: [Run Build Command(s):/usr/bin/xcodebuild -project CMAKE_TRY_COMPILE.xcodeproj build -target cmTC_df32e -parallelizeTargets -configuration Debug -hideShellScriptEnvironment && Command line invocation:]
  ignore line: [    /Applications/Xcode.app/Contents/Developer/usr/bin/xcodebuild -project CMAKE_TRY_COMPILE.xcodeproj build -target cmTC_df32e -parallelizeTargets -configuration Debug -hideShellScriptEnvironment]
  ignore line: []
  ignore line: [User defaults from command line:]
  ignore line: [    HideShellScriptEnvironment = YES]
  ignore line: [    IDEPackageSupportUseBuiltinSCM = YES]
  ignore line: []
  ignore line: [ComputeTargetDependencyGraph]
  ignore line: [note: Building targets in dependency order]
  ignore line: [note: Target dependency graph (1 target)]
  ignore line: [    Target 'cmTC_df32e' in project 'CMAKE_TRY_COMPILE' (no dependencies)]
  ignore line: []
  ignore line: [GatherProvisioningInputs]
  ignore line: []
  ignore line: [CreateBuildDescription]
  ignore line: [Build description signature: 3cb7e0cc84da7a05bad28b1cc5749061]
  ignore line: [Build description path: /Users/abhishekshivakumar/gamedev/shadow/Example/SpriteSheet/Engine/dependencies/SDL/CMakeFiles/CheckOBJC/CMakeFiles/CMakeTmp/build/XCBuildData/3cb7e0cc84da7a05bad28b1cc5749061.xcbuilddata]
  ignore line: []
  ignore line: [CreateBuildDirectory /Users/abhishekshivakumar/gamedev/shadow/Example/SpriteSheet/Engine/dependencies/SDL/CMakeFiles/CheckOBJC/CMakeFiles/CMakeTmp]
  ignore line: [    cd /Users/abhishekshivakumar/gamedev/shadow/Example/SpriteSheet/Engine/dependencies/SDL/CMakeFiles/CheckOBJC/CMakeFiles/CMakeTmp/CMAKE_TRY_COMPILE.xcodeproj]
  ignore line: [    builtin-create-build-directory /Users/abhishekshivakumar/gamedev/shadow/Example/SpriteSheet/Engine/dependencies/SDL/CMakeFiles/CheckOBJC/CMakeFiles/CMakeTmp]
  ignore line: []
  ignore line: [ClangStatCache /Applications/Xcode.app/Contents/Developer/Toolchains/XcodeDefault.xctoolchain/usr/bin/clang-stat-cache /Applications/Xcode.app/Contents/Developer/Platforms/MacOSX.platform/Developer/SDKs/MacOSX14.2.sdk /var/folders/x5/smn11rt108jfspkvy3k6yl880000gn/C/com.apple.DeveloperTools/15.2-15C500b/Xcode/SDKStatCaches.noindex/macosx14.2-23C53-df0db8920d7ae99241a1bc0f08d2dced.sdkstatcache]
  ignore line: [    cd /Users/abhishekshivakumar/gamedev/shadow/Example/SpriteSheet/Engine/dependencies/SDL/CMakeFiles/CheckOBJC/CMakeFiles/CMakeTmp/CMAKE_TRY_COMPILE.xcodeproj]
  ignore line: [    /Applications/Xcode.app/Contents/Developer/Toolchains/XcodeDefault.xctoolchain/usr/bin/clang-stat-cache /Applications/Xcode.app/Contents/Developer/Platforms/MacOSX.platform/Developer/SDKs/MacOSX14.2.sdk -o /var/folders/x5/smn11rt108jfspkvy3k6yl880000gn/C/com.apple.DeveloperTools/15.2-15C500b/Xcode/SDKStatCaches.noindex/macosx14.2-23C53-df0db8920d7ae99241a1bc0f08d2dced.sdkstatcache]
  ignore line: []
  ignore line: [CreateBuildDirectory /Users/abhishekshivakumar/gamedev/shadow/Example/SpriteSheet/Engine/dependencies/SDL/CMakeFiles/CheckOBJC/CMakeFiles/CMakeTmp/Debug]
  ignore line: [    cd /Users/abhishekshivakumar/gamedev/shadow/Example/SpriteSheet/Engine/dependencies/SDL/CMakeFiles/CheckOBJC/CMakeFiles/CMakeTmp/CMAKE_TRY_COMPILE.xcodeproj]
  ignore line: [    builtin-create-build-directory /Users/abhishekshivakumar/gamedev/shadow/Example/SpriteSheet/Engine/dependencies/SDL/CMakeFiles/CheckOBJC/CMakeFiles/CMakeTmp/Debug]
  ignore line: []
  ignore line: [CreateBuildDirectory /Users/abhishekshivakumar/gamedev/shadow/Example/SpriteSheet/Engine/dependencies/SDL/CMakeFiles/CheckOBJC/CMakeFiles/CMakeTmp/EagerLinkingTBDs/Debug]
  ignore line: [    cd /Users/abhishekshivakumar/gamedev/shadow/Example/SpriteSheet/Engine/dependencies/SDL/CMakeFiles/CheckOBJC/CMakeFiles/CMakeTmp/CMAKE_TRY_COMPILE.xcodeproj]
  ignore line: [    builtin-create-build-directory /Users/abhishekshivakumar/gamedev/shadow/Example/SpriteSheet/Engine/dependencies/SDL/CMakeFiles/CheckOBJC/CMakeFiles/CMakeTmp/EagerLinkingTBDs/Debug]
  ignore line: []
  ignore line: [WriteAuxiliaryFile /Users/abhishekshivakumar/gamedev/shadow/Example/SpriteSheet/Engine/dependencies/SDL/CMakeFiles/CheckOBJC/CMakeFiles/CMakeTmp/CMAKE_TRY_COMPILE.build/Debug/cmTC_df32e.build/Objects-normal/arm64/cmTC_df32e.LinkFileList (in target 'cmTC_df32e' from project 'CMAKE_TRY_COMPILE')]
  ignore line: [    cd /Users/abhishekshivakumar/gamedev/shadow/Example/SpriteSheet/Engine/dependencies/SDL/CMakeFiles/CheckOBJC/CMakeFiles/CMakeTmp]
  ignore line: [    write-file /Users/abhishekshivakumar/gamedev/shadow/Example/SpriteSheet/Engine/dependencies/SDL/CMakeFiles/CheckOBJC/CMakeFiles/CMakeTmp/CMAKE_TRY_COMPILE.build/Debug/cmTC_df32e.build/Objects-normal/arm64/cmTC_df32e.LinkFileList]
  ignore line: []
  ignore line: [CompileC /Users/abhishekshivakumar/gamedev/shadow/Example/SpriteSheet/Engine/dependencies/SDL/CMakeFiles/CheckOBJC/CMakeFiles/CMakeTmp/CMAKE_TRY_COMPILE.build/Debug/cmTC_df32e.build/Objects-normal/arm64/CMakeOBJCCompilerABI.o /opt/local/share/cmake-3.24/Modules/CMakeOBJCCompilerABI.m normal arm64 objective-c com.apple.compilers.llvm.clang.1_0.compiler (in target 'cmTC_df32e' from project 'CMAKE_TRY_COMPILE')]
  ignore line: [    cd /Users/abhishekshivakumar/gamedev/shadow/Example/SpriteSheet/Engine/dependencies/SDL/CMakeFiles/CheckOBJC/CMakeFiles/CMakeTmp]
  ignore line: [    /Applications/Xcode.app/Contents/Developer/Toolchains/XcodeDefault.xctoolchain/usr/bin/clang -x objective-c -ivfsstatcache /var/folders/x5/smn11rt108jfspkvy3k6yl880000gn/C/com.apple.DeveloperTools/15.2-15C500b/Xcode/SDKStatCaches.noindex/macosx14.2-23C53-df0db8920d7ae99241a1bc0f08d2dced.sdkstatcache -target arm64-apple-macos14.2 -fmessage-length\=0 -fdiagnostics-show-note-include-stack -fmacro-backtrace-limit\=0 -fno-color-diagnostics -Wno-trigraphs -fpascal-strings -O0 -Wno-missing-field-initializers -Wno-missing-prototypes -Wno-return-type -Wno-implicit-atomic-properties -Wno-objc-interface-ivars -Wno-arc-repeated-use-of-weak -Wno-missing-braces -Wparentheses -Wswitch -Wno-unused-function -Wno-unused-label -Wno-unused-parameter -Wno-unused-variable -Wunused-value -Wno-empty-body -Wno-uninitialized -Wno-unknown-pragmas -Wno-shadow -Wno-four-char-constants -Wno-conversion -Wno-constant-conversion -Wno-int-conversion -Wno-bool-conversion -Wno-enum-conversion -Wno-float-conversion -Wno-non-literal-null-conversion -Wno-objc-literal-conversion -Wshorten-64-to-32 -Wpointer-sign -Wno-newline-eof -Wno-selector -Wno-strict-selector-match -Wno-undeclared-selector -Wno-deprecated-implementations -Wno-implicit-fallthrough -DCMAKE_INTDIR\=\"Debug\" -DOBJC_OLD_DISPATCH_PROTOTYPES\=1 -isysroot /Applications/Xcode.app/Contents/Developer/Platforms/MacOSX.platform/Developer/SDKs/MacOSX14.2.sdk -fstrict-aliasing -Wprotocol -Wdeprecated-declarations -g -Wno-sign-conversion -Wno-infinite-recursion -Wno-comma -Wno-block-capture-autoreleasing -Wno-strict-prototypes -Wno-semicolon-before-method-body -I/Users/abhishekshivakumar/gamedev/shadow/Example/SpriteSheet/Engine/dependencies/SDL/CMakeFiles/CheckOBJC/CMakeFiles/CMakeTmp/Debug/include -I/Users/abhishekshivakumar/gamedev/shadow/Example/SpriteSheet/Engine/dependencies/SDL/CMakeFiles/CheckOBJC/CMakeFiles/CMakeTmp/CMAKE_TRY_COMPILE.build/Debug/cmTC_df32e.build/DerivedSources-normal/arm64 -I/Users/abhishekshivakumar/gamedev/shadow/Example/SpriteSheet/Engine/dependencies/SDL/CMakeFiles/CheckOBJC/CMakeFiles/CMakeTmp/CMAKE_TRY_COMPILE.build/Debug/cmTC_df32e.build/DerivedSources/arm64 -I/Users/abhishekshivakumar/gamedev/shadow/Example/SpriteSheet/Engine/dependencies/SDL/CMakeFiles/CheckOBJC/CMakeFiles/CMakeTmp/CMAKE_TRY_COMPILE.build/Debug/cmTC_df32e.build/DerivedSources -F/Users/abhishekshivakumar/gamedev/shadow/Example/SpriteSheet/Engine/dependencies/SDL/CMakeFiles/CheckOBJC/CMakeFiles/CMakeTmp/Debug -v -Wl -v -MMD -MT dependencies -MF /Users/abhishekshivakumar/gamedev/shadow/Example/SpriteSheet/Engine/dependencies/SDL/CMakeFiles/CheckOBJC/CMakeFiles/CMakeTmp/CMAKE_TRY_COMPILE.build/Debug/cmTC_df32e.build/Objects-normal/arm64/CMakeOBJCCompilerABI.d --serialize-diagnostics /Users/abhishekshivakumar/gamedev/shadow/Example/SpriteSheet/Engine/dependencies/SDL/CMakeFiles/CheckOBJC/CMakeFiles/CMakeTmp/CMAKE_TRY_COMPILE.build/Debug/cmTC_df32e.build/Objects-normal/arm64/CMakeOBJCCompilerABI.dia -c /opt/local/share/cmake-3.24/Modules/CMakeOBJCCompilerABI.m -o /Users/abhishekshivakumar/gamedev/shadow/Example/SpriteSheet/Engine/dependencies/SDL/CMakeFiles/CheckOBJC/CMakeFiles/CMakeTmp/CMAKE_TRY_COMPILE.build/Debug/cmTC_df32e.build/Objects-normal/arm64/CMakeOBJCCompilerABI.o]
  ignore line: [Apple clang version 15.0.0 (clang-1500.1.0.2.5)]
  ignore line: [Target: arm64-apple-macos14.2]
  ignore line: [Thread model: posix]
  ignore line: [InstalledDir: /Applications/Xcode.app/Contents/Developer/Toolchains/XcodeDefault.xctoolchain/usr/bin]
  ignore line: [clang: warning: -Wl -v: 'linker' input unused [-Wunused-command-line-argument]]
  ignore line: [ "/Applications/Xcode.app/Contents/Developer/Toolchains/XcodeDefault.xctoolchain/usr/bin/clang" -cc1 -triple arm64-apple-macosx14.2.0 -Wundef-prefix=TARGET_OS_ -Wdeprecated-objc-isa-usage -Werror=deprecated-objc-isa-usage -Werror=implicit-function-declaration -emit-obj -mrelax-all --mrelax-relocations -disable-free -clear-ast-before-backend -disable-llvm-verifier -discard-value-names -main-file-name CMakeOBJCCompilerABI.m -mrelocation-model pic -pic-level 2 -mframe-pointer=non-leaf -fno-strict-return -ffp-contract=on -fno-rounding-math -funwind-tables=1 -fobjc-msgsend-selector-stubs -target-sdk-version=14.2 -fvisibility-inlines-hidden-static-local-var -target-cpu apple-m1 -target-feature +v8.5a -target-feature +crc -target-feature +lse -target-feature +rdm -target-feature +crypto -target-feature +dotprod -target-feature +fp-armv8 -target-feature +neon -target-feature +fp16fml -target-feature +ras -target-feature +rcpc -target-feature +zcm -target-feature +zcz -target-feature +fullfp16 -target-feature +sm4 -target-feature +sha3 -target-feature +sha2 -target-feature +aes -target-abi darwinpcs -mllvm -treat-scalable-fixed-error-as-warning -debug-info-kind=standalone -dwarf-version=4 -debugger-tuning=lldb -target-linker-version 1022.1 -v -fcoverage-compilation-dir=/Users/abhishekshivakumar/gamedev/shadow/Example/SpriteSheet/Engine/dependencies/SDL/CMakeFiles/CheckOBJC/CMakeFiles/CMakeTmp -resource-dir /Applications/Xcode.app/Contents/Developer/Toolchains/XcodeDefault.xctoolchain/usr/lib/clang/15.0.0 -dependency-file /Users/abhishekshivakumar/gamedev/shadow/Example/SpriteSheet/Engine/dependencies/SDL/CMakeFiles/CheckOBJC/CMakeFiles/CMakeTmp/CMAKE_TRY_COMPILE.build/Debug/cmTC_df32e.build/Objects-normal/arm64/CMakeOBJCCompilerABI.d -skip-unused-modulemap-deps -MT dependencies -ivfsstatcache /var/folders/x5/smn11rt108jfspkvy3k6yl880000gn/C/com.apple.DeveloperTools/15.2-15C500b/Xcode/SDKStatCaches.noindex/macosx14.2-23C53-df0db8920d7ae99241a1bc0f08d2dced.sdkstatcache -isysroot /Applications/Xcode.app/Contents/Developer/Platforms/MacOSX.platform/Developer/SDKs/MacOSX14.2.sdk -D "CMAKE_INTDIR=\"Debug\"" -D OBJC_OLD_DISPATCH_PROTOTYPES=1 -I /Users/abhishekshivakumar/gamedev/shadow/Example/SpriteSheet/Engine/dependencies/SDL/CMakeFiles/CheckOBJC/CMakeFiles/CMakeTmp/Debug/include -I /Users/abhishekshivakumar/gamedev/shadow/Example/SpriteSheet/Engine/dependencies/SDL/CMakeFiles/CheckOBJC/CMakeFiles/CMakeTmp/CMAKE_TRY_COMPILE.build/Debug/cmTC_df32e.build/DerivedSources-normal/arm64 -I /Users/abhishekshivakumar/gamedev/shadow/Example/SpriteSheet/Engine/dependencies/SDL/CMakeFiles/CheckOBJC/CMakeFiles/CMakeTmp/CMAKE_TRY_COMPILE.build/Debug/cmTC_df32e.build/DerivedSources/arm64 -I /Users/abhishekshivakumar/gamedev/shadow/Example/SpriteSheet/Engine/dependencies/SDL/CMakeFiles/CheckOBJC/CMakeFiles/CMakeTmp/CMAKE_TRY_COMPILE.build/Debug/cmTC_df32e.build/DerivedSources -F/Users/abhishekshivakumar/gamedev/shadow/Example/SpriteSheet/Engine/dependencies/SDL/CMakeFiles/CheckOBJC/CMakeFiles/CMakeTmp/Debug -internal-isystem /Applications/Xcode.app/Contents/Developer/Platforms/MacOSX.platform/Developer/SDKs/MacOSX14.2.sdk/usr/local/include -internal-isystem /Applications/Xcode.app/Contents/Developer/Toolchains/XcodeDefault.xctoolchain/usr/lib/clang/15.0.0/include -internal-externc-isystem /Applications/Xcode.app/Contents/Developer/Platforms/MacOSX.platform/Developer/SDKs/MacOSX14.2.sdk/usr/include -internal-externc-isystem /Applications/Xcode.app/Contents/Developer/Toolchains/XcodeDefault.xctoolchain/usr/include -O0 -Wno-trigraphs -Wno-missing-field-initializers -Wno-missing-prototypes -Wno-return-type -Wno-implicit-atomic-properties -Wno-objc-interface-ivars -Wno-arc-repeated-use-of-weak -Wno-missing-braces -Wparentheses -Wswitch -Wno-unused-function -Wno-unused-label -Wno-unused-parameter -Wno-unused-variable -Wunused-value -Wno-empty-body -Wno-uninitialized -Wno-unknown-pragmas -Wno-shadow -Wno-four-char-constants -Wno-conversion -Wno-constant-conversion -Wno-int-conversion -Wno-bool-conversion -Wno-enum-conversion -Wno-float-conversion -Wno-non-literal-null-conversion -Wno-objc-literal-conversion -Wshorten-64-to-32 -Wpointer-sign -Wno-newline-eof -Wno-selector -Wno-strict-selector-match -Wno-undeclared-selector -Wno-deprecated-implementations -Wno-implicit-fallthrough -Wprotocol -Wdeprecated-declarations -Wno-sign-conversion -Wno-infinite-recursion -Wno-comma -Wno-block-capture-autoreleasing -Wno-strict-prototypes -Wno-semicolon-before-method-body -Wno-reorder-init-list -Wno-implicit-int-float-conversion -Wno-c99-designator -Wno-final-dtor-non-final-class -Wno-extra-semi-stmt -Wno-misleading-indentation -Wno-quoted-include-in-framework-header -Wno-implicit-fallthrough -Wno-enum-enum-conversion -Wno-enum-float-conversion -Wno-elaborated-enum-base -Wno-reserved-identifier -Wno-gnu-folding-constant -fdebug-compilation-dir=/Users/abhishekshivakumar/gamedev/shadow/Example/SpriteSheet/Engine/dependencies/SDL/CMakeFiles/CheckOBJC/CMakeFiles/CMakeTmp -ferror-limit 19 -fmacro-backtrace-limit 0 -stack-protector 1 -fstack-check -mdarwin-stkchk-strong-link -fblocks -fencode-extended-block-signature -fregister-global-dtors-with-atexit -fgnuc-version=4.2.1 -fobjc-runtime=macosx-14.2.0 -fobjc-exceptions -fexceptions -fpascal-strings -fmax-type-align=16 -fcommon -fdiagnostics-show-note-include-stack -serialize-diagnostic-file /Users/abhishekshivakumar/gamedev/shadow/Example/SpriteSheet/Engine/dependencies/SDL/CMakeFiles/CheckOBJC/CMakeFiles/CMakeTmp/CMAKE_TRY_COMPILE.build/Debug/cmTC_df32e.build/Objects-normal/arm64/CMakeOBJCCompilerABI.dia -clang-vendor-feature=+disableNonDependentMemberExprInCurrentInstantiation -fno-odr-hash-protocols -clang-vendor-feature=+enableAggressiveVLAFolding -clang-vendor-feature=+revert09abecef7bbf -clang-vendor-feature=+thisNoAlignAttr -clang-vendor-feature=+thisNoNullAttr -mllvm -disable-aligned-alloc-awareness=1 -D__GCC_HAVE_DWARF2_CFI_ASM=1 -o /Users/abhishekshivakumar/gamedev/shadow/Example/SpriteSheet/Engine/dependencies/SDL/CMakeFiles/CheckOBJC/CMakeFiles/CMakeTmp/CMAKE_TRY_COMPILE.build/Debug/cmTC_df32e.build/Objects-normal/arm64/CMakeOBJCCompilerABI.o -x objective-c /opt/local/share/cmake-3.24/Modules/CMakeOBJCCompilerABI.m]
  ignore line: [clang -cc1 version 15.0.0 (clang-1500.1.0.2.5) default target arm64-apple-darwin23.6.0]
  ignore line: [ignoring nonexistent directory "/Users/abhishekshivakumar/gamedev/shadow/Example/SpriteSheet/Engine/dependencies/SDL/CMakeFiles/CheckOBJC/CMakeFiles/CMakeTmp/Debug/include"]
  ignore line: [ignoring nonexistent directory "/Users/abhishekshivakumar/gamedev/shadow/Example/SpriteSheet/Engine/dependencies/SDL/CMakeFiles/CheckOBJC/CMakeFiles/CMakeTmp/CMAKE_TRY_COMPILE.build/Debug/cmTC_df32e.build/DerivedSources-normal/arm64"]
  ignore line: [ignoring nonexistent directory "/Users/abhishekshivakumar/gamedev/shadow/Example/SpriteSheet/Engine/dependencies/SDL/CMakeFiles/CheckOBJC/CMakeFiles/CMakeTmp/CMAKE_TRY_COMPILE.build/Debug/cmTC_df32e.build/DerivedSources/arm64"]
  ignore line: [ignoring nonexistent directory "/Users/abhishekshivakumar/gamedev/shadow/Example/SpriteSheet/Engine/dependencies/SDL/CMakeFiles/CheckOBJC/CMakeFiles/CMakeTmp/CMAKE_TRY_COMPILE.build/Debug/cmTC_df32e.build/DerivedSources"]
  ignore line: [ignoring nonexistent directory "/Applications/Xcode.app/Contents/Developer/Platforms/MacOSX.platform/Developer/SDKs/MacOSX14.2.sdk/usr/local/include"]
  ignore line: [ignoring nonexistent directory "/Applications/Xcode.app/Contents/Developer/Platforms/MacOSX.platform/Developer/SDKs/MacOSX14.2.sdk/Library/Frameworks"]
  ignore line: [#include "..." search starts here:]
  ignore line: [#include <...> search starts here:]
  ignore line: [ /Users/abhishekshivakumar/gamedev/shadow/Example/SpriteSheet/Engine/dependencies/SDL/CMakeFiles/CheckOBJC/CMakeFiles/CMakeTmp/Debug (framework directory)]
  ignore line: [ /Applications/Xcode.app/Contents/Developer/Toolchains/XcodeDefault.xctoolchain/usr/lib/clang/15.0.0/include]
  ignore line: [ /Applications/Xcode.app/Contents/Developer/Platforms/MacOSX.platform/Developer/SDKs/MacOSX14.2.sdk/usr/include]
  ignore line: [ /Applications/Xcode.app/Contents/Developer/Toolchains/XcodeDefault.xctoolchain/usr/include]
  ignore line: [ /Applications/Xcode.app/Contents/Developer/Platforms/MacOSX.platform/Developer/SDKs/MacOSX14.2.sdk/System/Library/Frameworks (framework directory)]
  ignore line: [End of search list.]
  ignore line: []
  ignore line: [Ld /Users/abhishekshivakumar/gamedev/shadow/Example/SpriteSheet/Engine/dependencies/SDL/CMakeFiles/CheckOBJC/CMakeFiles/CMakeTmp/Debug/cmTC_df32e normal (in target 'cmTC_df32e' from project 'CMAKE_TRY_COMPILE')]
  ignore line: [    cd /Users/abhishekshivakumar/gamedev/shadow/Example/SpriteSheet/Engine/dependencies/SDL/CMakeFiles/CheckOBJC/CMakeFiles/CMakeTmp]
  ignore line: [    /Applications/Xcode.app/Contents/Developer/Toolchains/XcodeDefault.xctoolchain/usr/bin/clang -Xlinker -reproducible -target arm64-apple-macos14.2 -isysroot /Applications/Xcode.app/Contents/Developer/Platforms/MacOSX.platform/Developer/SDKs/MacOSX14.2.sdk -O0 -L/Users/abhishekshivakumar/gamedev/shadow/Example/SpriteSheet/Engine/dependencies/SDL/CMakeFiles/CheckOBJC/CMakeFiles/CMakeTmp/EagerLinkingTBDs/Debug -L/Users/abhishekshivakumar/gamedev/shadow/Example/SpriteSheet/Engine/dependencies/SDL/CMakeFiles/CheckOBJC/CMakeFiles/CMakeTmp/Debug -F/Users/abhishekshivakumar/gamedev/shadow/Example/SpriteSheet/Engine/dependencies/SDL/CMakeFiles/CheckOBJC/CMakeFiles/CMakeTmp/EagerLinkingTBDs/Debug -F/Users/abhishekshivakumar/gamedev/shadow/Example/SpriteSheet/Engine/dependencies/SDL/CMakeFiles/CheckOBJC/CMakeFiles/CMakeTmp/Debug -filelist /Users/abhishekshivakumar/gamedev/shadow/Example/SpriteSheet/Engine/dependencies/SDL/CMakeFiles/CheckOBJC/CMakeFiles/CMakeTmp/CMAKE_TRY_COMPILE.build/Debug/cmTC_df32e.build/Objects-normal/arm64/cmTC_df32e.LinkFileList -Xlinker -object_path_lto -Xlinker /Users/abhishekshivakumar/gamedev/shadow/Example/SpriteSheet/Engine/dependencies/SDL/CMakeFiles/CheckOBJC/CMakeFiles/CMakeTmp/CMAKE_TRY_COMPILE.build/Debug/cmTC_df32e.build/Objects-normal/arm64/cmTC_df32e_lto.o -Xlinker -no_deduplicate -fobjc-link-runtime -L/opt/homebrew/lib -v -Wl -v -Wl -search_paths_first -Wl -headerpad_max_install_names -Xlinker -dependency_info -Xlinker /Users/abhishekshivakumar/gamedev/shadow/Example/SpriteSheet/Engine/dependencies/SDL/CMakeFiles/CheckOBJC/CMakeFiles/CMakeTmp/CMAKE_TRY_COMPILE.build/Debug/cmTC_df32e.build/Objects-normal/arm64/cmTC_df32e_dependency_info.dat -o /Users/abhishekshivakumar/gamedev/shadow/Example/SpriteSheet/Engine/dependencies/SDL/CMakeFiles/CheckOBJC/CMakeFiles/CMakeTmp/Debug/cmTC_df32e]
  ignore line: [Apple clang version 15.0.0 (clang-1500.1.0.2.5)]
  ignore line: [Target: arm64-apple-macos14.2]
  ignore line: [Thread model: posix]
  ignore line: [InstalledDir: /Applications/Xcode.app/Contents/Developer/Toolchains/XcodeDefault.xctoolchain/usr/bin]
  reduced line: [ "/Applications/Xcode.app/Contents/Developer/Toolchains/XcodeDefault.xctoolchain/usr/bin/ld" -demangle -lto_library /Applications/Xcode.app/Contents/Developer/Toolchains/XcodeDefault.xctoolchain/usr/lib/libLTO.dylib -no_deduplicate -dynamic -arch arm64 -platform_version macos 14.2.0 14.2 -syslibroot /Applications/Xcode.app/Contents/Developer/Platforms/MacOSX.platform/Developer/SDKs/MacOSX14.2.sdk -O0 -o /Users/abhishekshivakumar/gamedev/shadow/Example/SpriteSheet/Engine/dependencies/SDL/CMakeFiles/CheckOBJC/CMakeFiles/CMakeTmp/Debug/cmTC_df32e -L/Users/abhishekshivakumar/gamedev/shadow/Example/SpriteSheet/Engine/dependencies/SDL/CMakeFiles/CheckOBJC/CMakeFiles/CMakeTmp/EagerLinkingTBDs/Debug -L/Users/abhishekshivakumar/gamedev/shadow/Example/SpriteSheet/Engine/dependencies/SDL/CMakeFiles/CheckOBJC/CMakeFiles/CMakeTmp/Debug -L/opt/homebrew/lib -reproducible -filelist /Users/abhishekshivakumar/gamedev/shadow/Example/SpriteSheet/Engine/dependencies/SDL/CMakeFiles/CheckOBJC/CMakeFiles/CMakeTmp/CMAKE_TRY_COMPILE.build/Debug/cmTC_df32e.build/Objects-normal/arm64/cmTC_df32e.LinkFileList -object_path_lto /Users/abhishekshivakumar/gamedev/shadow/Example/SpriteSheet/Engine/dependencies/SDL/CMakeFiles/CheckOBJC/CMakeFiles/CMakeTmp/CMAKE_TRY_COMPILE.build/Debug/cmTC_df32e.build/Objects-normal/arm64/cmTC_df32e_lto.o -no_deduplicate -v -search_paths_first -headerpad_max_install_names -dependency_info /Users/abhishekshivakumar/gamedev/shadow/Example/SpriteSheet/Engine/dependencies/SDL/CMakeFiles/CheckOBJC/CMakeFiles/CMakeTmp/CMAKE_TRY_COMPILE.build/Debug/cmTC_df32e.build/Objects-normal/arm64/cmTC_df32e_dependency_info.dat -framework Foundation -lobjc -lSystem /Applications/Xcode.app/Contents/Developer/Toolchains/XcodeDefault.xctoolchain/usr/lib/clang/15.0.0/lib/darwin/libclang_rt.osx.a -F/Users/abhishekshivakumar/gamedev/shadow/Example/SpriteSheet/Engine/dependencies/SDL/CMakeFiles/CheckOBJC/CMakeFiles/CMakeTmp/EagerLinkingTBDs/Debug -F/Users/abhishekshivakumar/gamedev/shadow/Example/SpriteSheet/Engine/dependencies/SDL/CMakeFiles/CheckOBJC/CMakeFiles/CMakeTmp/Debug]
            to: [ "/Applications/Xcode.app/Contents/Developer/Toolchains/XcodeDefault.xctoolchain/usr/bin/ld" -demangle -lto_library /Applications/Xcode.app/Contents/Developer/Toolchains/XcodeDefault.xctoolchain/usr/lib/libLTO.dylib -no_deduplicate -dynamic -arch arm64 -platform_version macos 14.2.0 14.2 -syslibroot /Applications/Xcode.app/Contents/Developer/Platforms/MacOSX.platform/Developer/SDKs/MacOSX14.2.sdk -O0 -o /Users/abhishekshivakumar/gamedev/shadow/Example/SpriteSheet/Engine/dependencies/SDL/CMakeFiles/CheckOBJC/CMakeFiles/CMakeTmp/Debug/cmTC_df32e -L/Users/abhishekshivakumar/gamedev/shadow/Example/SpriteSheet/Engine/dependencies/SDL/CMakeFiles/CheckOBJC/CMakeFiles/CMakeTmp/Debug -L/opt/homebrew/lib -reproducible -filelist /Users/abhishekshivakumar/gamedev/shadow/Example/SpriteSheet/Engine/dependencies/SDL/CMakeFiles/CheckOBJC/CMakeFiles/CMakeTmp/CMAKE_TRY_COMPILE.build/Debug/cmTC_df32e.build/Objects-normal/arm64/cmTC_df32e.LinkFileList -object_path_lto /Users/abhishekshivakumar/gamedev/shadow/Example/SpriteSheet/Engine/dependencies/SDL/CMakeFiles/CheckOBJC/CMakeFiles/CMakeTmp/CMAKE_TRY_COMPILE.build/Debug/cmTC_df32e.build/Objects-normal/arm64/cmTC_df32e_lto.o -no_deduplicate -v -search_paths_first -headerpad_max_install_names -dependency_info /Users/abhishekshivakumar/gamedev/shadow/Example/SpriteSheet/Engine/dependencies/SDL/CMakeFiles/CheckOBJC/CMakeFiles/CMakeTmp/CMAKE_TRY_COMPILE.build/Debug/cmTC_df32e.build/Objects-normal/arm64/cmTC_df32e_dependency_info.dat -framework Foundation -lobjc -lSystem /Applications/Xcode.app/Contents/Developer/Toolchains/XcodeDefault.xctoolchain/usr/lib/clang/15.0.0/lib/darwin/libclang_rt.osx.a -F/Users/abhishekshivakumar/gamedev/shadow/Example/SpriteSheet/Engine/dependencies/SDL/CMakeFiles/CheckOBJC/CMakeFiles/CMakeTmp/Debug]
  link line: [ "/Applications/Xcode.app/Contents/Developer/Toolchains/XcodeDefault.xctoolchain/usr/bin/ld" -demangle -lto_library /Applications/Xcode.app/Contents/Developer/Toolchains/XcodeDefault.xctoolchain/usr/lib/libLTO.dylib -no_deduplicate -dynamic -arch arm64 -platform_version macos 14.2.0 14.2 -syslibroot /Applications/Xcode.app/Contents/Developer/Platforms/MacOSX.platform/Developer/SDKs/MacOSX14.2.sdk -O0 -o /Users/abhishekshivakumar/gamedev/shadow/Example/SpriteSheet/Engine/dependencies/SDL/CMakeFiles/CheckOBJC/CMakeFiles/CMakeTmp/Debug/cmTC_df32e -L/Users/abhishekshivakumar/gamedev/shadow/Example/SpriteSheet/Engine/dependencies/SDL/CMakeFiles/CheckOBJC/CMakeFiles/CMakeTmp/Debug -L/opt/homebrew/lib -reproducible -filelist /Users/abhishekshivakumar/gamedev/shadow/Example/SpriteSheet/Engine/dependencies/SDL/CMakeFiles/CheckOBJC/CMakeFiles/CMakeTmp/CMAKE_TRY_COMPILE.build/Debug/cmTC_df32e.build/Objects-normal/arm64/cmTC_df32e.LinkFileList -object_path_lto /Users/abhishekshivakumar/gamedev/shadow/Example/SpriteSheet/Engine/dependencies/SDL/CMakeFiles/CheckOBJC/CMakeFiles/CMakeTmp/CMAKE_TRY_COMPILE.build/Debug/cmTC_df32e.build/Objects-normal/arm64/cmTC_df32e_lto.o -no_deduplicate -v -search_paths_first -headerpad_max_install_names -dependency_info /Users/abhishekshivakumar/gamedev/shadow/Example/SpriteSheet/Engine/dependencies/SDL/CMakeFiles/CheckOBJC/CMakeFiles/CMakeTmp/CMAKE_TRY_COMPILE.build/Debug/cmTC_df32e.build/Objects-normal/arm64/cmTC_df32e_dependency_info.dat -framework Foundation -lobjc -lSystem /Applications/Xcode.app/Contents/Developer/Toolchains/XcodeDefault.xctoolchain/usr/lib/clang/15.0.0/lib/darwin/libclang_rt.osx.a -F/Users/abhishekshivakumar/gamedev/shadow/Example/SpriteSheet/Engine/dependencies/SDL/CMakeFiles/CheckOBJC/CMakeFiles/CMakeTmp/Debug]
    arg [/Applications/Xcode.app/Contents/Developer/Toolchains/XcodeDefault.xctoolchain/usr/bin/ld] ==> ignore
    arg [-demangle] ==> ignore
    arg [-lto_library] ==> ignore, skip following value
    arg [/Applications/Xcode.app/Contents/Developer/Toolchains/XcodeDefault.xctoolchain/usr/lib/libLTO.dylib] ==> skip value of -lto_library
    arg [-no_deduplicate] ==> ignore
    arg [-dynamic] ==> ignore
    arg [-arch] ==> ignore
    arg [arm64] ==> ignore
    arg [-platform_version] ==> ignore
    arg [macos] ==> ignore
    arg [14.2.0] ==> ignore
    arg [14.2] ==> ignore
    arg [-syslibroot] ==> ignore
    arg [/Applications/Xcode.app/Contents/Developer/Platforms/MacOSX.platform/Developer/SDKs/MacOSX14.2.sdk] ==> ignore
    arg [-O0] ==> ignore
    arg [-o] ==> ignore
    arg [/Users/abhishekshivakumar/gamedev/shadow/Example/SpriteSheet/Engine/dependencies/SDL/CMakeFiles/CheckOBJC/CMakeFiles/CMakeTmp/Debug/cmTC_df32e] ==> ignore
    arg [-L/Users/abhishekshivakumar/gamedev/shadow/Example/SpriteSheet/Engine/dependencies/SDL/CMakeFiles/CheckOBJC/CMakeFiles/CMakeTmp/Debug] ==> dir [/Users/abhishekshivakumar/gamedev/shadow/Example/SpriteSheet/Engine/dependencies/SDL/CMakeFiles/CheckOBJC/CMakeFiles/CMakeTmp/Debug]
    arg [-L/opt/homebrew/lib] ==> dir [/opt/homebrew/lib]
    arg [-reproducible] ==> ignore
    arg [-filelist] ==> ignore
    arg [/Users/abhishekshivakumar/gamedev/shadow/Example/SpriteSheet/Engine/dependencies/SDL/CMakeFiles/CheckOBJC/CMakeFiles/CMakeTmp/CMAKE_TRY_COMPILE.build/Debug/cmTC_df32e.build/Objects-normal/arm64/cmTC_df32e.LinkFileList] ==> ignore
    arg [-object_path_lto] ==> ignore
    arg [/Users/abhishekshivakumar/gamedev/shadow/Example/SpriteSheet/Engine/dependencies/SDL/CMakeFiles/CheckOBJC/CMakeFiles/CMakeTmp/CMAKE_TRY_COMPILE.build/Debug/cmTC_df32e.build/Objects-normal/arm64/cmTC_df32e_lto.o] ==> obj [/Users/abhishekshivakumar/gamedev/shadow/Example/SpriteSheet/Engine/dependencies/SDL/CMakeFiles/CheckOBJC/CMakeFiles/CMakeTmp/CMAKE_TRY_COMPILE.build/Debug/cmTC_df32e.build/Objects-normal/arm64/cmTC_df32e_lto.o]
    arg [-no_deduplicate] ==> ignore
    arg [-v] ==> ignore
    arg [-search_paths_first] ==> ignore
    arg [-headerpad_max_install_names] ==> ignore
    arg [-dependency_info] ==> ignore
    arg [/Users/abhishekshivakumar/gamedev/shadow/Example/SpriteSheet/Engine/dependencies/SDL/CMakeFiles/CheckOBJC/CMakeFiles/CMakeTmp/CMAKE_TRY_COMPILE.build/Debug/cmTC_df32e.build/Objects-normal/arm64/cmTC_df32e_dependency_info.dat] ==> ignore
    arg [-framework] ==> ignore
    arg [Foundation] ==> ignore
    arg [-lobjc] ==> lib [objc]
    arg [-lSystem] ==> lib [System]
    arg [/Applications/Xcode.app/Contents/Developer/Toolchains/XcodeDefault.xctoolchain/usr/lib/clang/15.0.0/lib/darwin/libclang_rt.osx.a] ==> lib [/Applications/Xcode.app/Contents/Developer/Toolchains/XcodeDefault.xctoolchain/usr/lib/clang/15.0.0/lib/darwin/libclang_rt.osx.a]
    arg [-F/Users/abhishekshivakumar/gamedev/shadow/Example/SpriteSheet/Engine/dependencies/SDL/CMakeFiles/CheckOBJC/CMakeFiles/CMakeTmp/Debug] ==> ignore
  Library search paths: [;/Users/abhishekshivakumar/gamedev/shadow/Example/SpriteSheet/Engine/dependencies/SDL/CMakeFiles/CheckOBJC/CMakeFiles/CMakeTmp/EagerLinkingTBDs/Debug;/Users/abhishekshivakumar/gamedev/shadow/Example/SpriteSheet/Engine/dependencies/SDL/CMakeFiles/CheckOBJC/CMakeFiles/CMakeTmp/Debug;/opt/homebrew/lib]
  Framework search paths: [;/Users/abhishekshivakumar/gamedev/shadow/Example/SpriteSheet/Engine/dependencies/SDL/CMakeFiles/CheckOBJC/CMakeFiles/CMakeTmp/EagerLinkingTBDs/Debug;/Users/abhishekshivakumar/gamedev/shadow/Example/SpriteSheet/Engine/dependencies/SDL/CMakeFiles/CheckOBJC/CMakeFiles/CMakeTmp/Debug]
  remove lib [System]
  remove lib [/Applications/Xcode.app/Contents/Developer/Toolchains/XcodeDefault.xctoolchain/usr/lib/clang/15.0.0/lib/darwin/libclang_rt.osx.a]
  collapse library dir [/Users/abhishekshivakumar/gamedev/shadow/Example/SpriteSheet/Engine/dependencies/SDL/CMakeFiles/CheckOBJC/CMakeFiles/CMakeTmp/Debug] ==> [/Users/abhishekshivakumar/gamedev/shadow/Example/SpriteSheet/Engine/dependencies/SDL/CMakeFiles/CheckOBJC/CMakeFiles/CMakeTmp/Debug], skipping non-system directory
  collapse library dir [/opt/homebrew/lib] ==> [/opt/homebrew/lib]
  collapse library dir [/Users/abhishekshivakumar/gamedev/shadow/Example/SpriteSheet/Engine/dependencies/SDL/CMakeFiles/CheckOBJC/CMakeFiles/CMakeTmp/EagerLinkingTBDs/Debug] ==> [/Users/abhishekshivakumar/gamedev/shadow/Example/SpriteSheet/Engine/dependencies/SDL/CMakeFiles/CheckOBJC/CMakeFiles/CMakeTmp/EagerLinkingTBDs/Debug], skipping non-system directory
  collapse library dir [/Users/abhishekshivakumar/gamedev/shadow/Example/SpriteSheet/Engine/dependencies/SDL/CMakeFiles/CheckOBJC/CMakeFiles/CMakeTmp/Debug] ==> [/Users/abhishekshivakumar/gamedev/shadow/Example/SpriteSheet/Engine/dependencies/SDL/CMakeFiles/CheckOBJC/CMakeFiles/CMakeTmp/Debug], skipping non-system directory
  collapse library dir [/opt/homebrew/lib] ==> [/opt/homebrew/lib]
  collapse framework dir [/Users/abhishekshivakumar/gamedev/shadow/Example/SpriteSheet/Engine/dependencies/SDL/CMakeFiles/CheckOBJC/CMakeFiles/CMakeTmp/EagerLinkingTBDs/Debug] ==> [/Users/abhishekshivakumar/gamedev/shadow/Example/SpriteSheet/Engine/dependencies/SDL/CMakeFiles/CheckOBJC/CMakeFiles/CMakeTmp/EagerLinkingTBDs/Debug], skipping non-system directory
  collapse framework dir [/Users/abhishekshivakumar/gamedev/shadow/Example/SpriteSheet/Engine/dependencies/SDL/CMakeFiles/CheckOBJC/CMakeFiles/CMakeTmp/Debug] ==> [/Users/abhishekshivakumar/gamedev/shadow/Example/SpriteSheet/Engine/dependencies/SDL/CMakeFiles/CheckOBJC/CMakeFiles/CMakeTmp/Debug], skipping non-system directory
  implicit libs: [objc]
  implicit objs: [/Users/abhishekshivakumar/gamedev/shadow/Example/SpriteSheet/Engine/dependencies/SDL/CMakeFiles/CheckOBJC/CMakeFiles/CMakeTmp/CMAKE_TRY_COMPILE.build/Debug/cmTC_df32e.build/Objects-normal/arm64/cmTC_df32e_lto.o]
  implicit dirs: [/opt/homebrew/lib]
  implicit fwks: []


