This file contains any messages produced by compilers while
running configure, to aid debugging if configure makes a mistake.

It was created by configure, which was
generated by GNU Autoconf 2.71.  Invocation command line was

  $ ./configure

## --------- ##
## Platform. ##
## --------- ##

hostname = DESKTOP-PVCPAM9
uname -m = x86_64
uname -r = 3.5.4-1e8cf1a5.x86_64
uname -s = MINGW64_NT-10.0-22631
uname -v = 2024-09-25 21:18 UTC

/usr/bin/uname -p = unknown
/bin/uname -X     = unknown

/bin/arch              = x86_64
/usr/bin/arch -k       = unknown
/usr/convex/getsysinfo = unknown
/usr/bin/hostinfo      = unknown
/bin/machine           = unknown
/usr/bin/oslevel       = unknown
/bin/universe          = unknown

PATH: /c/Users/abhis/miniconda3/condabin/
PATH: /c/Users/abhis/bin/
PATH: /mingw64/bin/
PATH: /usr/local/bin/
PATH: /usr/bin/
PATH: /bin/
PATH: /mingw64/bin/
PATH: /usr/bin/
PATH: /c/Users/abhis/bin/
PATH: /c/MinGW/bin/
PATH: /c/Program Files (x86)/Razer Chroma SDK/bin/
PATH: /c/Program Files/Razer Chroma SDK/bin/
PATH: /c/Program Files (x86)/Razer/ChromaBroadcast/bin/
PATH: /c/Program Files/Razer/ChromaBroadcast/bin/
PATH: /c/Program Files (x86)/Common Files/Intel/Shared Files/cpp/bin/Intel64/
PATH: /c/Program Files/Microsoft/jdk-11.0.16.101-hotspot/bin/
PATH: /c/Program Files (x86)/Intel/oneAPI/tbb/latest/redist/intel64/vc_mt/
PATH: /c/Program Files (x86)/Intel/oneAPI/tbb/latest/redist/ia32/vc_mt/
PATH: /c/Program Files (x86)/Intel/oneAPI/compiler/latest/windows/redist/intel64_win/compiler/
PATH: /c/Program Files (x86)/Intel/oneAPI/compiler/latest/windows/redist/ia32_win/compiler/
PATH: /c/Program Files (x86)/Common Files/Intel/Shared Libraries/redist/intel64_win/compiler/
PATH: /c/Program Files/NVIDIA GPU Computing Toolkit/CUDA/v11.6/bin/
PATH: /c/Program Files/NVIDIA GPU Computing Toolkit/CUDA/v11.6/libnvvp/
PATH: /c/Program Files/Oculus/Support/oculus-runtime/
PATH: /c/WINDOWS/system32/
PATH: /c/WINDOWS/
PATH: /c/WINDOWS/System32/Wbem/
PATH: /c/WINDOWS/System32/WindowsPowerShell/v1.0/
PATH: /c/WINDOWS/System32/OpenSSH/
PATH: /c/Program Files/NVIDIA Corporation/Nsight Compute 2022.1.1/
PATH: /c/Program Files (x86)/NVIDIA Corporation/PhysX/Common/
PATH: /c/Program Files/NVIDIA Corporation/NVIDIA NvDLISR/
PATH: /c/Program Files/NVIDIA/CUDNN/v8.3/bin/
PATH: /c/ProgramData/chocolatey/bin/
PATH: /c/Program Files/SafeNet/Authentication/SAC/x64/
PATH: /c/Program Files/SafeNet/Authentication/SAC/x32/
PATH: /c/Program Files/Meson/
PATH: /c/WINDOWS/system32/
PATH: /c/WINDOWS/
PATH: /c/WINDOWS/System32/Wbem/
PATH: /c/WINDOWS/System32/WindowsPowerShell/v1.0/
PATH: /c/WINDOWS/System32/OpenSSH/
PATH: /c/Program Files/SSHFS-Win/bin/
PATH: /c/Program Files/dotnet/
PATH: /c/Program Files/PuTTY/
PATH: /c/Program Files/Lumia Stream/commands/
PATH: /c/Program Files/Eclipse Adoptium/jdk-11.0.17.8-hotspot/bin/
PATH: /c/Program Files/Eclipse Adoptium/jdk-11.0.17.8-hotspot/bin/
PATH: /c/Users/abhis/AppData/Local/JetBrains/Toolbox/scripts/
PATH: /c/WINDOWS/system32/config/systemprofile/AppData/Local/Microsoft/WindowsApps/
PATH: /c/MinGW/bin/aclocal/
PATH: /c/MinGW/bin/aclocal-1.10/
PATH: /c/MinGW/bin/aclocal-1.11/
PATH: /c/MinGW/bin/aclocal-1.4/
PATH: /c/MinGW/bin/aclocal-1.5/
PATH: /c/MinGW/bin/aclocal-1.6/
PATH: /c/MinGW/bin/aclocal-1.7/
PATH: /c/MinGW/bin/aclocal-1.8/
PATH: /c/MinGW/bin/aclocal-1.9/
PATH: /c/MinGW/bin/addr2line.exe/
PATH: /c/MinGW/bin/ar.exe/
PATH: /c/MinGW/bin/as.exe/
PATH: /c/MinGW/bin/autoconf/
PATH: /c/MinGW/bin/autoconf-2.13/
PATH: /c/MinGW/bin/autoconf-2.68/
PATH: /c/MinGW/bin/autoheader/
PATH: /c/MinGW/bin/autoheader-2.13/
PATH: /c/MinGW/bin/autoheader-2.68/
PATH: /c/MinGW/bin/autom4te/
PATH: /c/MinGW/bin/autom4te-2.68/
PATH: /c/MinGW/bin/automake/
PATH: /c/MinGW/bin/automake-1.10/
PATH: /c/MinGW/bin/automake-1.11/
PATH: /c/MinGW/bin/automake-1.4/
PATH: /c/MinGW/bin/automake-1.5/
PATH: /c/MinGW/bin/automake-1.6/
PATH: /c/MinGW/bin/automake-1.7/
PATH: /c/MinGW/bin/automake-1.8/
PATH: /c/MinGW/bin/automake-1.9/
PATH: /c/MinGW/bin/autopoint/
PATH: /c/MinGW/bin/autoreconf/
PATH: /c/MinGW/bin/autoreconf-2.13/
PATH: /c/MinGW/bin/autoreconf-2.68/
PATH: /c/MinGW/bin/autoscan/
PATH: /c/MinGW/bin/autoscan-2.13/
PATH: /c/MinGW/bin/autoscan-2.68/
PATH: /c/MinGW/bin/autoupdate/
PATH: /c/MinGW/bin/autoupdate-2.13/
PATH: /c/MinGW/bin/autoupdate-2.68/
PATH: /c/MinGW/bin/c++.exe/
PATH: /c/MinGW/bin/c++filt.exe/
PATH: /c/MinGW/bin/cpp.exe/
PATH: /c/MinGW/bin/dlltool.exe/
PATH: /c/MinGW/bin/dllwrap.exe/
PATH: /c/MinGW/bin/elfedit.exe/
PATH: /c/MinGW/bin/envsubst.exe/
PATH: /c/MinGW/bin/g++.exe/
PATH: /c/MinGW/bin/gcc-ar.exe/
PATH: /c/MinGW/bin/gcc-nm.exe/
PATH: /c/MinGW/bin/gcc-ranlib.exe/
PATH: /c/MinGW/bin/gcc.exe/
PATH: /c/MinGW/bin/gcov-tool.exe/
PATH: /c/MinGW/bin/gcov.exe/
PATH: /c/MinGW/bin/gdb.exe/
PATH: /c/MinGW/bin/gdbserver.exe/
PATH: /c/MinGW/bin/gettext.exe/
PATH: /c/MinGW/bin/gettext.sh/
PATH: /c/MinGW/bin/gettextize/
PATH: /c/MinGW/bin/gprof.exe/
PATH: /c/MinGW/bin/iconv.exe/
PATH: /c/MinGW/bin/ifnames/
PATH: /c/MinGW/bin/ifnames-2.13/
PATH: /c/MinGW/bin/ifnames-2.68/
PATH: /c/MinGW/bin/ld.bfd.exe/
PATH: /c/MinGW/bin/ld.exe/
PATH: /c/MinGW/bin/libatomic-1.dll/
PATH: /c/MinGW/bin/libcharset-1.dll/
PATH: /c/MinGW/bin/libexpat-1.dll/
PATH: /c/MinGW/bin/libgcc_s_dw2-1.dll/
PATH: /c/MinGW/bin/libgettextlib-0-18-3.dll/
PATH: /c/MinGW/bin/libgettextpo-0.dll/
PATH: /c/MinGW/bin/libgettextsrc-0-18-3.dll/
PATH: /c/MinGW/bin/libgmp-10.dll/
PATH: /c/MinGW/bin/libgomp-1.dll/
PATH: /c/MinGW/bin/libiconv-2.dll/
PATH: /c/MinGW/bin/libintl-8.dll/
PATH: /c/MinGW/bin/libisl-15.dll/
PATH: /c/MinGW/bin/libltdl-7.dll/
PATH: /c/MinGW/bin/libmingwex-0.dll/
PATH: /c/MinGW/bin/libmpc-3.dll/
PATH: /c/MinGW/bin/libmpfr-4.dll/
PATH: /c/MinGW/bin/libquadmath-0.dll/
PATH: /c/MinGW/bin/libssp-0.dll/
PATH: /c/MinGW/bin/libstdc++-6.dll/
PATH: /c/MinGW/bin/libtool/
PATH: /c/MinGW/bin/libtoolize/
PATH: /c/MinGW/bin/mingw-get.exe/
PATH: /c/MinGW/bin/mingw32-c++.exe/
PATH: /c/MinGW/bin/mingw32-g++.exe/
PATH: /c/MinGW/bin/mingw32-gcc-6.3.0.exe/
PATH: /c/MinGW/bin/mingw32-gcc-ar.exe/
PATH: /c/MinGW/bin/mingw32-gcc-nm.exe/
PATH: /c/MinGW/bin/mingw32-gcc-ranlib.exe/
PATH: /c/MinGW/bin/mingw32-gcc.exe/
PATH: /c/MinGW/bin/mingw32-make.exe/
PATH: /c/MinGW/bin/mingwm10.dll/
PATH: /c/MinGW/bin/msgattrib.exe/
PATH: /c/MinGW/bin/msgcat.exe/
PATH: /c/MinGW/bin/msgcmp.exe/
PATH: /c/MinGW/bin/msgcomm.exe/
PATH: /c/MinGW/bin/msgconv.exe/
PATH: /c/MinGW/bin/msgen.exe/
PATH: /c/MinGW/bin/msgexec.exe/
PATH: /c/MinGW/bin/msgfilter.exe/
PATH: /c/MinGW/bin/msgfmt.exe/
PATH: /c/MinGW/bin/msggrep.exe/
PATH: /c/MinGW/bin/msginit.exe/
PATH: /c/MinGW/bin/msgmerge.exe/
PATH: /c/MinGW/bin/msgunfmt.exe/
PATH: /c/MinGW/bin/msguniq.exe/
PATH: /c/MinGW/bin/ngettext.exe/
PATH: /c/MinGW/bin/nm.exe/
PATH: /c/MinGW/bin/objcopy.exe/
PATH: /c/MinGW/bin/objdump.exe/
PATH: /c/MinGW/bin/pthreadGC-3.dll/
PATH: /c/MinGW/bin/ranlib.exe/
PATH: /c/MinGW/bin/readelf.exe/
PATH: /c/MinGW/bin/recode-sr-latin.exe/
PATH: /c/MinGW/bin/size.exe/
PATH: /c/MinGW/bin/strings.exe/
PATH: /c/MinGW/bin/strip.exe/
PATH: /c/MinGW/bin/windmc.exe/
PATH: /c/MinGW/bin/windres.exe/
PATH: /c/MinGW/bin/xgettext.exe/
PATH: /c/MinGW/bin/zlib1.dll/
PATH: /c/Users/abhis/AppData/Roaming/nvm/
PATH: /c/Program Files/nodejs/
PATH: /c/Program Files/Microsoft SQL Server/130/Tools/Binn/
PATH: /c/Program Files/nodejs/
PATH: /c/Program Files/CMake/bin/
PATH: /c/Program Files/Docker/Docker/resources/bin/
PATH: /c/Users/abhis/AppData/Local/Programs/cursor/resources/app/bin/
PATH: /c/Program Files (x86)/Windows Kits/10/Windows Performance Toolkit/
PATH: /c/Program Files/eSpeak NG/
PATH: /c/Program Files/Go/bin/
PATH: /cmd/
PATH: /c/Users/abhis/miniconda3/condabin/
PATH: /c/Users/abhis/miniconda3/Library/bin/
PATH: /c/Users/abhis/bin/
PATH: /c/Users/abhis/miniconda3/Library/mingw64/bin/
PATH: /c/Users/abhis/miniconda3/Library/usr/local/bin/
PATH: /c/Users/abhis/miniconda3/Library/usr/bin/
PATH: /c/Users/abhis/miniconda3/Library/usr/bin/
PATH: /c/Users/abhis/miniconda3/Library/mingw64/bin/
PATH: /c/Users/abhis/miniconda3/Library/usr/bin/
PATH: /c/Users/abhis/bin/
PATH: /c/Users/abhis/miniconda3/
PATH: /c/Users/abhis/miniconda3/Library/mingw-w64/bin/
PATH: /c/Users/abhis/miniconda3/Library/usr/bin/
PATH: /c/Users/abhis/miniconda3/Library/usr/bin/
PATH: /c/Users/abhis/miniconda3/Scripts/
PATH: /c/MinGW/bin/
PATH: /c/Program Files (x86)/Razer Chroma SDK/bin/
PATH: /c/Program Files/Razer Chroma SDK/bin/
PATH: /c/Program Files (x86)/Razer/ChromaBroadcast/bin/
PATH: /c/Program Files/Razer/ChromaBroadcast/bin/
PATH: /c/Program Files (x86)/Common Files/Intel/Shared Files/cpp/bin/Intel64/
PATH: /c/Program Files/Microsoft/jdk-11.0.16.101-hotspot/bin/
PATH: /c/Program Files (x86)/Intel/oneAPI/tbb/latest/redist/intel64/vc_mt/
PATH: /c/Program Files (x86)/Intel/oneAPI/tbb/latest/redist/ia32/vc_mt/
PATH: /c/Progra/
PATH: /c/Users/abhis/AppData/Local/Muse Hub/lib/
PATH: /c/Users/abhis/.dotnet/tools/
PATH: /c/Users/abhis/AppData/Local/Programs/Microsoft VS Code/bin/
PATH: /usr/bin/vendor_perl/
PATH: /usr/bin/core_perl/
PATH: /c/Users/abhis/AppData/Local/Programs/Microsoft VS Code/bin/


## ----------- ##
## Core tests. ##
## ----------- ##

configure:3347: looking for aux files: install-sh config.guess config.sub ltmain.sh
configure:3360:  trying ./build-scripts/
configure:3371:   ./build-scripts/install-sh found
configure:3389:   ./build-scripts/config.guess found
configure:3389:   ./build-scripts/config.sub found
configure:3389:   ./build-scripts/ltmain.sh found
configure:3566: checking build system type
configure:3581: result: x86_64-pc-mingw64
configure:3601: checking host system type
configure:3615: result: x86_64-pc-mingw64
configure:3656: checking how to print strings
configure:3683: result: printf
configure:3766: checking for gcc
configure:3787: found /c/MinGW/bin/gcc
configure:3798: result: gcc
configure:4151: checking for C compiler version
configure:4160: gcc --version >&5
gcc.exe (MinGW.org GCC-6.3.0-1) 6.3.0
Copyright (C) 2016 Free Software Foundation, Inc.
This is free software; see the source for copying conditions.  There is NO
warranty; not even for MERCHANTABILITY or FITNESS FOR A PARTICULAR PURPOSE.

configure:4171: $? = 0
configure:4160: gcc -v >&5
Using built-in specs.
COLLECT_GCC=C:\MinGW\bin\gcc.exe
COLLECT_LTO_WRAPPER=c:/mingw/bin/../libexec/gcc/mingw32/6.3.0/lto-wrapper.exe
Target: mingw32
Configured with: ../src/gcc-6.3.0/configure --build=x86_64-pc-linux-gnu --host=mingw32 --target=mingw32 --with-gmp=/mingw --with-mpfr --with-mpc=/mingw --with-isl=/mingw --prefix=/mingw --disable-win32-registry --with-arch=i586 --with-tune=generic --enable-languages=c,c++,objc,obj-c++,fortran,ada --with-pkgversion='MinGW.org GCC-6.3.0-1' --enable-static --enable-shared --enable-threads --with-dwarf2 --disable-sjlj-exceptions --enable-version-specific-runtime-libs --with-libiconv-prefix=/mingw --with-libintl-prefix=/mingw --enable-libstdcxx-debug --enable-libgomp --disable-libvtv --enable-nls
Thread model: win32
gcc version 6.3.0 (MinGW.org GCC-6.3.0-1) 
configure:4171: $? = 0
configure:4160: gcc -V >&5
gcc.exe: error: unrecognized command line option '-V'
gcc.exe: fatal error: no input files
compilation terminated.
configure:4171: $? = 1
configure:4160: gcc -qversion >&5
gcc.exe: error: unrecognized command line option '-qversion'; did you mean '--version'?
gcc.exe: fatal error: no input files
compilation terminated.
configure:4171: $? = 1
configure:4160: gcc -version >&5
gcc.exe: error: unrecognized command line option '-version'
gcc.exe: fatal error: no input files
compilation terminated.
configure:4171: $? = 1
configure:4191: checking whether the C compiler works
configure:4213: gcc    conftest.c  >&5
configure:4217: $? = 0
configure:4267: result: yes
configure:4270: checking for C compiler default output file name
configure:4272: result: a.exe
configure:4278: checking for suffix of executables
configure:4285: gcc -o conftest.exe    conftest.c  >&5
configure:4289: $? = 0
configure:4312: result: .exe
configure:4334: checking whether we are cross compiling
configure:4342: gcc -o conftest.exe    conftest.c  >&5
configure:4346: $? = 0
configure:4353: ./conftest.exe
configure:4357: $? = 0
configure:4372: result: no
configure:4377: checking for suffix of object files
configure:4400: gcc -c   conftest.c >&5
configure:4404: $? = 0
configure:4426: result: o
configure:4430: checking whether the compiler supports GNU C
configure:4450: gcc -c   conftest.c >&5
configure:4450: $? = 0
configure:4460: result: yes
configure:4471: checking whether gcc accepts -g
configure:4492: gcc -c -g  conftest.c >&5
configure:4492: $? = 0
configure:4536: result: yes
configure:4556: checking for gcc option to enable C11 features
configure:4571: gcc  -c -g -O2  conftest.c >&5
configure:4571: $? = 0
configure:4589: result: none needed
configure:4699: checking for a sed that does not truncate output
configure:4769: result: /usr/bin/sed
configure:4787: checking for grep that handles long lines and -e
configure:4851: result: /usr/bin/grep
configure:4856: checking for egrep
configure:4924: result: /usr/bin/grep -E
configure:4929: checking for fgrep
configure:4997: result: /usr/bin/grep -F
configure:5033: checking for ld used by gcc
configure:5101: result: c:/mingw/mingw32/bin/ld.exe
configure:5108: checking if the linker (c:/mingw/mingw32/bin/ld.exe) is GNU ld
configure:5124: result: yes
configure:5136: checking for BSD- or MS-compatible name lister (nm)
configure:5191: result: /c/MinGW/bin/nm -B
configure:5331: checking the name lister (/c/MinGW/bin/nm -B) interface
configure:5339: gcc -c -g -O2  conftest.c >&5
configure:5342: /c/MinGW/bin/nm -B "conftest.o"
configure:5345: output
00000000 b .bss
00000000 d .data
00000000 N .debug_abbrev
00000000 N .debug_aranges
00000000 N .debug_info
00000000 N .debug_line
00000000 r .rdata$zzz
00000000 t .text
00000000 B _some_variable
configure:5352: result: BSD nm
configure:5355: checking whether ln -s works
configure:5362: result: no, using cp -pR
configure:5367: checking the maximum length of command line arguments
configure:5499: result: 8192
configure:5547: checking how to convert x86_64-pc-mingw64 file names to x86_64-pc-mingw64 format
configure:5588: result: func_convert_file_msys_to_w32
configure:5595: checking how to convert x86_64-pc-mingw64 file names to toolchain format
configure:5616: result: func_convert_file_msys_to_w32
configure:5623: checking for c:/mingw/mingw32/bin/ld.exe option to reload object files
configure:5631: result: -r
configure:5710: checking for objdump
configure:5731: found /c/MinGW/bin/objdump
configure:5742: result: objdump
configure:5771: checking how to recognize dependent libraries
configure:5974: result: pass_all
configure:6064: checking for dlltool
configure:6085: found /c/MinGW/bin/dlltool
configure:6096: result: dlltool
configure:6126: checking how to associate runtime and link libraries
configure:6154: result: func_cygming_dll_for_implib
configure:6220: checking for ar
configure:6241: found /c/MinGW/bin/ar
configure:6252: result: ar
configure:6289: checking for archiver @FILE support
configure:6307: gcc -c -g -O2  conftest.c >&5
configure:6307: $? = 0
configure:6311: ar cru libconftest.a @conftest.lst >&5
configure:6314: $? = 0
configure:6319: ar cru libconftest.a @conftest.lst >&5
C:\MinGW\bin\ar.exe: conftest.o: No such file or directory
configure:6322: $? = 1
configure:6334: result: @
configure:6397: checking for strip
configure:6418: found /c/MinGW/bin/strip
configure:6429: result: strip
configure:6506: checking for ranlib
configure:6527: found /c/MinGW/bin/ranlib
configure:6538: result: ranlib
configure:6608: checking for gawk
configure:6629: found /usr/bin/gawk
configure:6640: result: gawk
configure:6680: checking command to parse /c/MinGW/bin/nm -B output from gcc object
configure:6834: gcc -c -g -O2  conftest.c >&5
configure:6837: $? = 0
configure:6841: /c/MinGW/bin/nm -B conftest.o \| sed -n -e 's/^.*[ ]\([ABCDGIRSTW][ABCDGIRSTW]*\)[ ][ ]*\([_A-Za-z][_A-Za-z0-9]*\)\{0,1\}$/\1 \2 \2/p' | sed '/ __gnu_lto/d' \> conftest.nm
configure:6844: $? = 0
cannot find nm_test_var in conftest.nm
configure:6834: gcc -c -g -O2  conftest.c >&5
configure:6837: $? = 0
configure:6841: /c/MinGW/bin/nm -B conftest.o \| sed -n -e 's/^.*[ ]\([ABCDGIRSTW][ABCDGIRSTW]*\)[ ][ ]*_\([_A-Za-z][_A-Za-z0-9]*\)\{0,1\}$/\1 _\2 \2/p' | sed '/ __gnu_lto/d' \> conftest.nm
configure:6844: $? = 0
configure:6910: gcc -o conftest.exe -g -O2   conftest.c conftstm.o >&5
configure:6913: $? = 0
configure:6951: result: ok
configure:6998: checking for sysroot
configure:7029: result: no
configure:7036: checking for a working dd
configure:7080: result: /usr/bin/dd
configure:7084: checking how to truncate binary pipes
configure:7100: result: /usr/bin/dd bs=4096 count=1
configure:7437: checking for mt
configure:7472: result: no
configure:7492: checking if : is a manifest tool
configure:7499: : '-?'
configure:7507: result: no
configure:8232: checking for stdio.h
configure:8232: gcc -c -g -O2  conftest.c >&5
configure:8232: $? = 0
configure:8232: result: yes
configure:8232: checking for stdlib.h
configure:8232: gcc -c -g -O2  conftest.c >&5
configure:8232: $? = 0
configure:8232: result: yes
configure:8232: checking for string.h
configure:8232: gcc -c -g -O2  conftest.c >&5
configure:8232: $? = 0
configure:8232: result: yes
configure:8232: checking for inttypes.h
configure:8232: gcc -c -g -O2  conftest.c >&5
configure:8232: $? = 0
configure:8232: result: yes
configure:8232: checking for stdint.h
configure:8232: gcc -c -g -O2  conftest.c >&5
configure:8232: $? = 0
configure:8232: result: yes
configure:8232: checking for strings.h
configure:8232: gcc -c -g -O2  conftest.c >&5
configure:8232: $? = 0
configure:8232: result: yes
configure:8232: checking for sys/stat.h
configure:8232: gcc -c -g -O2  conftest.c >&5
configure:8232: $? = 0
configure:8232: result: yes
configure:8232: checking for sys/types.h
configure:8232: gcc -c -g -O2  conftest.c >&5
configure:8232: $? = 0
configure:8232: result: yes
configure:8232: checking for unistd.h
configure:8232: gcc -c -g -O2  conftest.c >&5
configure:8232: $? = 0
configure:8232: result: yes
configure:8257: checking for dlfcn.h
configure:8257: gcc -c -g -O2  conftest.c >&5
configure:8257: $? = 0
configure:8257: result: yes
configure:8322: checking for as
configure:8343: found /c/MinGW/bin/as
configure:8354: result: as
configure:8424: checking for dlltool
configure:8456: result: dlltool
configure:8526: checking for objdump
configure:8558: result: objdump
configure:8844: checking for objdir
configure:8860: result: .libs
configure:9124: checking if gcc supports -fno-rtti -fno-exceptions
configure:9143: gcc -c -g -O2  -fno-rtti -fno-exceptions conftest.c >&5
cc1.exe: warning: command line option '-fno-rtti' is valid for C++/ObjC++ but not for C
configure:9147: $? = 0
configure:9160: result: no
configure:9518: checking for gcc option to produce PIC
configure:9526: result: -DDLL_EXPORT -DPIC
configure:9534: checking if gcc PIC flag -DDLL_EXPORT -DPIC works
configure:9553: gcc -c -g -O2  -DDLL_EXPORT -DPIC -DPIC conftest.c >&5
configure:9557: $? = 0
configure:9570: result: yes
configure:9599: checking if gcc static flag -static works
configure:9628: result: yes
configure:9643: checking if gcc supports -c -o file.o
configure:9665: gcc -c -g -O2  -o out/conftest2.o conftest.c >&5
configure:9669: $? = 0
configure:9691: result: yes
configure:9699: checking if gcc supports -c -o file.o
configure:9747: result: yes
configure:9780: checking whether the gcc linker (c:/mingw/mingw32/bin/ld.exe) supports shared libraries
configure:11048: result: yes
configure:11085: checking whether -lc should be explicitly linked in
configure:11094: gcc -c -g -O2  conftest.c >&5
configure:11097: $? = 0
configure:11112: gcc -shared conftest.o  -v -o ./conftest -Wl,--enable-auto-image-base -Xlinker --out-implib -Xlinker conftest 2\>\&1 \| /usr/bin/grep  -lc  \>/dev/null 2\>\&1
configure:11115: $? = 1
configure:11129: result: yes
configure:11289: checking dynamic linker characteristics
configure:12117: result: Win32 ld.exe
configure:12239: checking how to hardcode library paths into programs
configure:12264: result: immediate
configure:12816: checking whether stripping libraries is possible
configure:12825: result: yes
configure:12867: checking if libtool supports shared libraries
configure:12869: result: yes
configure:12872: checking whether to build shared libraries
configure:12897: result: yes
configure:12900: checking whether to build static libraries
configure:12904: result: yes
configure:12989: checking for windres
configure:13010: found /c/MinGW/bin/windres
configure:13021: result: windres
configure:13145: checking for gawk
configure:13177: result: gawk
configure:13241: checking for gcc
configure:13273: result: gcc
configure:13626: checking for C compiler version
configure:13635: gcc --version >&5
gcc.exe (MinGW.org GCC-6.3.0-1) 6.3.0
Copyright (C) 2016 Free Software Foundation, Inc.
This is free software; see the source for copying conditions.  There is NO
warranty; not even for MERCHANTABILITY or FITNESS FOR A PARTICULAR PURPOSE.

configure:13646: $? = 0
configure:13635: gcc -v >&5
Using built-in specs.
COLLECT_GCC=C:\MinGW\bin\gcc.exe
COLLECT_LTO_WRAPPER=c:/mingw/bin/../libexec/gcc/mingw32/6.3.0/lto-wrapper.exe
Target: mingw32
Configured with: ../src/gcc-6.3.0/configure --build=x86_64-pc-linux-gnu --host=mingw32 --target=mingw32 --with-gmp=/mingw --with-mpfr --with-mpc=/mingw --with-isl=/mingw --prefix=/mingw --disable-win32-registry --with-arch=i586 --with-tune=generic --enable-languages=c,c++,objc,obj-c++,fortran,ada --with-pkgversion='MinGW.org GCC-6.3.0-1' --enable-static --enable-shared --enable-threads --with-dwarf2 --disable-sjlj-exceptions --enable-version-specific-runtime-libs --with-libiconv-prefix=/mingw --with-libintl-prefix=/mingw --enable-libstdcxx-debug --enable-libgomp --disable-libvtv --enable-nls
Thread model: win32
gcc version 6.3.0 (MinGW.org GCC-6.3.0-1) 
configure:13646: $? = 0
configure:13635: gcc -V >&5
gcc.exe: error: unrecognized command line option '-V'
gcc.exe: fatal error: no input files
compilation terminated.
configure:13646: $? = 1
configure:13635: gcc -qversion >&5
gcc.exe: error: unrecognized command line option '-qversion'; did you mean '--version'?
gcc.exe: fatal error: no input files
compilation terminated.
configure:13646: $? = 1
configure:13635: gcc -version >&5
gcc.exe: error: unrecognized command line option '-version'
gcc.exe: fatal error: no input files
compilation terminated.
configure:13646: $? = 1
configure:13650: checking whether the compiler supports GNU C
configure:13680: result: yes
configure:13691: checking whether gcc accepts -g
configure:13756: result: yes
configure:13776: checking for gcc option to enable C11 features
configure:13809: result: none needed
configure:13988: checking for g++
configure:14009: found /c/MinGW/bin/g++
configure:14020: result: g++
configure:14047: checking for C++ compiler version
configure:14056: g++ --version >&5
g++.exe (MinGW.org GCC-6.3.0-1) 6.3.0
Copyright (C) 2016 Free Software Foundation, Inc.
This is free software; see the source for copying conditions.  There is NO
warranty; not even for MERCHANTABILITY or FITNESS FOR A PARTICULAR PURPOSE.

configure:14067: $? = 0
configure:14056: g++ -v >&5
Using built-in specs.
COLLECT_GCC=C:\MinGW\bin\g++.exe
COLLECT_LTO_WRAPPER=c:/mingw/bin/../libexec/gcc/mingw32/6.3.0/lto-wrapper.exe
Target: mingw32
Configured with: ../src/gcc-6.3.0/configure --build=x86_64-pc-linux-gnu --host=mingw32 --with-gmp=/mingw --with-mpfr=/mingw --with-mpc=/mingw --with-isl=/mingw --prefix=/mingw --disable-win32-registry --target=mingw32 --with-arch=i586 --enable-languages=c,c++,objc,obj-c++,fortran,ada --with-pkgversion='MinGW.org GCC-6.3.0-1' --enable-static --enable-shared --enable-threads --with-dwarf2 --disable-sjlj-exceptions --enable-version-specific-runtime-libs --with-libiconv-prefix=/mingw --with-libintl-prefix=/mingw --enable-libstdcxx-debug --with-tune=generic --enable-libgomp --disable-libvtv --enable-nls
Thread model: win32
gcc version 6.3.0 (MinGW.org GCC-6.3.0-1) 
configure:14067: $? = 0
configure:14056: g++ -V >&5
g++.exe: error: unrecognized command line option '-V'
g++.exe: fatal error: no input files
compilation terminated.
configure:14067: $? = 1
configure:14056: g++ -qversion >&5
g++.exe: error: unrecognized command line option '-qversion'; did you mean '--version'?
g++.exe: fatal error: no input files
compilation terminated.
configure:14067: $? = 1
configure:14071: checking whether the compiler supports GNU C++
configure:14091: g++ -c   conftest.cpp >&5
configure:14091: $? = 0
configure:14101: result: yes
configure:14112: checking whether g++ accepts -g
configure:14133: g++ -c -g  conftest.cpp >&5
configure:14133: $? = 0
configure:14177: result: yes
configure:14197: checking for g++ option to enable C++11 features
configure:14212: g++  -c -g -O2  conftest.cpp >&5
configure:14212: $? = 0
configure:14230: result: none needed
configure:14312: checking how to run the C++ preprocessor
configure:14334: g++ -E  conftest.cpp
configure:14334: $? = 0
configure:14349: g++ -E  conftest.cpp
conftest.cpp:21:28: fatal error: ac_nonexistent.h: No such file or directory
 #include <ac_nonexistent.h>
                            ^
compilation terminated.
configure:14349: $? = 1
configure: failed program was:
| /* confdefs.h */
| #define PACKAGE_NAME ""
| #define PACKAGE_TARNAME ""
| #define PACKAGE_VERSION ""
| #define PACKAGE_STRING ""
| #define PACKAGE_BUGREPORT ""
| #define PACKAGE_URL ""
| #define HAVE_STDIO_H 1
| #define HAVE_STDLIB_H 1
| #define HAVE_STRING_H 1
| #define HAVE_INTTYPES_H 1
| #define HAVE_STDINT_H 1
| #define HAVE_STRINGS_H 1
| #define HAVE_SYS_STAT_H 1
| #define HAVE_SYS_TYPES_H 1
| #define HAVE_UNISTD_H 1
| #define STDC_HEADERS 1
| #define HAVE_DLFCN_H 1
| #define LT_OBJDIR ".libs/"
| /* end confdefs.h.  */
| #include <ac_nonexistent.h>
configure:14376: result: g++ -E
configure:14390: g++ -E  conftest.cpp
configure:14390: $? = 0
configure:14405: g++ -E  conftest.cpp
conftest.cpp:21:28: fatal error: ac_nonexistent.h: No such file or directory
 #include <ac_nonexistent.h>
                            ^
compilation terminated.
configure:14405: $? = 1
configure: failed program was:
| /* confdefs.h */
| #define PACKAGE_NAME ""
| #define PACKAGE_TARNAME ""
| #define PACKAGE_VERSION ""
| #define PACKAGE_STRING ""
| #define PACKAGE_BUGREPORT ""
| #define PACKAGE_URL ""
| #define HAVE_STDIO_H 1
| #define HAVE_STDLIB_H 1
| #define HAVE_STRING_H 1
| #define HAVE_INTTYPES_H 1
| #define HAVE_STDINT_H 1
| #define HAVE_STRINGS_H 1
| #define HAVE_SYS_STAT_H 1
| #define HAVE_SYS_TYPES_H 1
| #define HAVE_UNISTD_H 1
| #define STDC_HEADERS 1
| #define HAVE_DLFCN_H 1
| #define LT_OBJDIR ".libs/"
| /* end confdefs.h.  */
| #include <ac_nonexistent.h>
configure:14570: checking for ld used by g++
configure:14638: result: c:/mingw/mingw32/bin/ld.exe
configure:14645: checking if the linker (c:/mingw/mingw32/bin/ld.exe) is GNU ld
configure:14661: result: yes
configure:14716: checking whether the g++ linker (c:/mingw/mingw32/bin/ld.exe) supports shared libraries
configure:15794: result: yes
configure:15830: g++ -c -g -O2  conftest.cpp >&5
configure:15833: $? = 0
configure:16315: checking for g++ option to produce PIC
configure:16323: result: -DDLL_EXPORT -DPIC
configure:16331: checking if g++ PIC flag -DDLL_EXPORT -DPIC works
configure:16350: g++ -c -g -O2  -DDLL_EXPORT -DPIC -DPIC conftest.cpp >&5
configure:16354: $? = 0
configure:16367: result: yes
configure:16390: checking if g++ static flag -static works
configure:16419: result: yes
configure:16431: checking if g++ supports -c -o file.o
configure:16453: g++ -c -g -O2  -o out/conftest2.o conftest.cpp >&5
configure:16457: $? = 0
configure:16479: result: yes
configure:16484: checking if g++ supports -c -o file.o
configure:16532: result: yes
configure:16562: checking whether the g++ linker (c:/mingw/mingw32/bin/ld.exe) supports shared libraries
configure:16602: result: yes
configure:16744: checking dynamic linker characteristics
configure:17499: result: Win32 ld.exe
configure:17564: checking how to hardcode library paths into programs
configure:17589: result: immediate
configure:17629: checking for egrep
configure:17697: result: /usr/bin/grep -E
configure:17702: checking for fgrep
configure:17770: result: /usr/bin/grep -F
configure:17790: checking for a BSD-compatible install
configure:17863: result: /usr/bin/install -c
configure:17874: checking whether make sets $(MAKE)
configure:17897: result: yes
configure:17965: checking for pkg-config
configure:18003: result: no
configure:18045: checking for gsort
configure:18080: result: no
configure:18045: checking for sort
configure:18066: found /usr/bin/sort
configure:18077: result: sort
configure:18103: checking for special C compiler options needed for large files
configure:18151: result: no
configure:18157: checking for _FILE_OFFSET_BITS value needed for large files
configure:18183: gcc -c -g -O2  conftest.c >&5
conftest.c:26:39: warning: result of '-2147483648l << 31' requires 63 bits to represent, but 'long int' only has 32 bits [-Wshift-overflow=]
 #define LARGE_OFF_T (((off_t) 1 << 31 << 31) - 1 + ((off_t) 1 << 31 << 31))
                                       ^
conftest.c:27:23: note: in expansion of macro 'LARGE_OFF_T'
   int off_t_is_large[(LARGE_OFF_T % 2147483629 == 721
                       ^~~~~~~~~~~
conftest.c:26:69: warning: result of '-2147483648l << 31' requires 63 bits to represent, but 'long int' only has 32 bits [-Wshift-overflow=]
 #define LARGE_OFF_T (((off_t) 1 << 31 << 31) - 1 + ((off_t) 1 << 31 << 31))
                                                                     ^
conftest.c:27:23: note: in expansion of macro 'LARGE_OFF_T'
   int off_t_is_large[(LARGE_OFF_T % 2147483629 == 721
                       ^~~~~~~~~~~
conftest.c:26:39: warning: result of '-2147483648l << 31' requires 63 bits to represent, but 'long int' only has 32 bits [-Wshift-overflow=]
 #define LARGE_OFF_T (((off_t) 1 << 31 << 31) - 1 + ((off_t) 1 << 31 << 31))
                                       ^
conftest.c:28:13: note: in expansion of macro 'LARGE_OFF_T'
          && LARGE_OFF_T % 2147483647 == 1)
             ^~~~~~~~~~~
conftest.c:26:69: warning: result of '-2147483648l << 31' requires 63 bits to represent, but 'long int' only has 32 bits [-Wshift-overflow=]
 #define LARGE_OFF_T (((off_t) 1 << 31 << 31) - 1 + ((off_t) 1 << 31 << 31))
                                                                     ^
conftest.c:28:13: note: in expansion of macro 'LARGE_OFF_T'
          && LARGE_OFF_T % 2147483647 == 1)
             ^~~~~~~~~~~
conftest.c:27:7: error: variably modified 'off_t_is_large' at file scope
   int off_t_is_large[(LARGE_OFF_T % 2147483629 == 721
       ^~~~~~~~~~~~~~
configure:18183: $? = 1
configure: failed program was:
| /* confdefs.h */
| #define PACKAGE_NAME ""
| #define PACKAGE_TARNAME ""
| #define PACKAGE_VERSION ""
| #define PACKAGE_STRING ""
| #define PACKAGE_BUGREPORT ""
| #define PACKAGE_URL ""
| #define HAVE_STDIO_H 1
| #define HAVE_STDLIB_H 1
| #define HAVE_STRING_H 1
| #define HAVE_INTTYPES_H 1
| #define HAVE_STDINT_H 1
| #define HAVE_STRINGS_H 1
| #define HAVE_SYS_STAT_H 1
| #define HAVE_SYS_TYPES_H 1
| #define HAVE_UNISTD_H 1
| #define STDC_HEADERS 1
| #define HAVE_DLFCN_H 1
| #define LT_OBJDIR ".libs/"
| /* end confdefs.h.  */
| #include <sys/types.h>
|  /* Check that off_t can represent 2**63 - 1 correctly.
|     We can't simply define LARGE_OFF_T to be 9223372036854775807,
|     since some C++ compilers masquerading as C compilers
|     incorrectly reject 9223372036854775807.  */
| #define LARGE_OFF_T (((off_t) 1 << 31 << 31) - 1 + ((off_t) 1 << 31 << 31))
|   int off_t_is_large[(LARGE_OFF_T % 2147483629 == 721
| 		       && LARGE_OFF_T % 2147483647 == 1)
| 		      ? 1 : -1];
| int
| main (void)
| {
| 
|   ;
|   return 0;
| }
configure:18208: gcc -c -g -O2  conftest.c >&5
conftest.c:27:39: warning: result of '-2147483648l << 31' requires 63 bits to represent, but 'long int' only has 32 bits [-Wshift-overflow=]
 #define LARGE_OFF_T (((off_t) 1 << 31 << 31) - 1 + ((off_t) 1 << 31 << 31))
                                       ^
conftest.c:28:23: note: in expansion of macro 'LARGE_OFF_T'
   int off_t_is_large[(LARGE_OFF_T % 2147483629 == 721
                       ^~~~~~~~~~~
conftest.c:27:69: warning: result of '-2147483648l << 31' requires 63 bits to represent, but 'long int' only has 32 bits [-Wshift-overflow=]
 #define LARGE_OFF_T (((off_t) 1 << 31 << 31) - 1 + ((off_t) 1 << 31 << 31))
                                                                     ^
conftest.c:28:23: note: in expansion of macro 'LARGE_OFF_T'
   int off_t_is_large[(LARGE_OFF_T % 2147483629 == 721
                       ^~~~~~~~~~~
conftest.c:27:39: warning: result of '-2147483648l << 31' requires 63 bits to represent, but 'long int' only has 32 bits [-Wshift-overflow=]
 #define LARGE_OFF_T (((off_t) 1 << 31 << 31) - 1 + ((off_t) 1 << 31 << 31))
                                       ^
conftest.c:29:13: note: in expansion of macro 'LARGE_OFF_T'
          && LARGE_OFF_T % 2147483647 == 1)
             ^~~~~~~~~~~
conftest.c:27:69: warning: result of '-2147483648l << 31' requires 63 bits to represent, but 'long int' only has 32 bits [-Wshift-overflow=]
 #define LARGE_OFF_T (((off_t) 1 << 31 << 31) - 1 + ((off_t) 1 << 31 << 31))
                                                                     ^
conftest.c:29:13: note: in expansion of macro 'LARGE_OFF_T'
          && LARGE_OFF_T % 2147483647 == 1)
             ^~~~~~~~~~~
conftest.c:28:7: error: variably modified 'off_t_is_large' at file scope
   int off_t_is_large[(LARGE_OFF_T % 2147483629 == 721
       ^~~~~~~~~~~~~~
configure:18208: $? = 1
configure: failed program was:
| /* confdefs.h */
| #define PACKAGE_NAME ""
| #define PACKAGE_TARNAME ""
| #define PACKAGE_VERSION ""
| #define PACKAGE_STRING ""
| #define PACKAGE_BUGREPORT ""
| #define PACKAGE_URL ""
| #define HAVE_STDIO_H 1
| #define HAVE_STDLIB_H 1
| #define HAVE_STRING_H 1
| #define HAVE_INTTYPES_H 1
| #define HAVE_STDINT_H 1
| #define HAVE_STRINGS_H 1
| #define HAVE_SYS_STAT_H 1
| #define HAVE_SYS_TYPES_H 1
| #define HAVE_UNISTD_H 1
| #define STDC_HEADERS 1
| #define HAVE_DLFCN_H 1
| #define LT_OBJDIR ".libs/"
| /* end confdefs.h.  */
| #define _FILE_OFFSET_BITS 64
| #include <sys/types.h>
|  /* Check that off_t can represent 2**63 - 1 correctly.
|     We can't simply define LARGE_OFF_T to be 9223372036854775807,
|     since some C++ compilers masquerading as C compilers
|     incorrectly reject 9223372036854775807.  */
| #define LARGE_OFF_T (((off_t) 1 << 31 << 31) - 1 + ((off_t) 1 << 31 << 31))
|   int off_t_is_large[(LARGE_OFF_T % 2147483629 == 721
| 		       && LARGE_OFF_T % 2147483647 == 1)
| 		      ? 1 : -1];
| int
| main (void)
| {
| 
|   ;
|   return 0;
| }
configure:18217: result: unknown
configure:18227: checking for _LARGE_FILES value needed for large files
configure:18253: gcc -c -g -O2  conftest.c >&5
conftest.c:26:39: warning: result of '-2147483648l << 31' requires 63 bits to represent, but 'long int' only has 32 bits [-Wshift-overflow=]
 #define LARGE_OFF_T (((off_t) 1 << 31 << 31) - 1 + ((off_t) 1 << 31 << 31))
                                       ^
conftest.c:27:23: note: in expansion of macro 'LARGE_OFF_T'
   int off_t_is_large[(LARGE_OFF_T % 2147483629 == 721
                       ^~~~~~~~~~~
conftest.c:26:69: warning: result of '-2147483648l << 31' requires 63 bits to represent, but 'long int' only has 32 bits [-Wshift-overflow=]
 #define LARGE_OFF_T (((off_t) 1 << 31 << 31) - 1 + ((off_t) 1 << 31 << 31))
                                                                     ^
conftest.c:27:23: note: in expansion of macro 'LARGE_OFF_T'
   int off_t_is_large[(LARGE_OFF_T % 2147483629 == 721
                       ^~~~~~~~~~~
conftest.c:26:39: warning: result of '-2147483648l << 31' requires 63 bits to represent, but 'long int' only has 32 bits [-Wshift-overflow=]
 #define LARGE_OFF_T (((off_t) 1 << 31 << 31) - 1 + ((off_t) 1 << 31 << 31))
                                       ^
conftest.c:28:13: note: in expansion of macro 'LARGE_OFF_T'
          && LARGE_OFF_T % 2147483647 == 1)
             ^~~~~~~~~~~
conftest.c:26:69: warning: result of '-2147483648l << 31' requires 63 bits to represent, but 'long int' only has 32 bits [-Wshift-overflow=]
 #define LARGE_OFF_T (((off_t) 1 << 31 << 31) - 1 + ((off_t) 1 << 31 << 31))
                                                                     ^
conftest.c:28:13: note: in expansion of macro 'LARGE_OFF_T'
          && LARGE_OFF_T % 2147483647 == 1)
             ^~~~~~~~~~~
conftest.c:27:7: error: variably modified 'off_t_is_large' at file scope
   int off_t_is_large[(LARGE_OFF_T % 2147483629 == 721
       ^~~~~~~~~~~~~~
configure:18253: $? = 1
configure: failed program was:
| /* confdefs.h */
| #define PACKAGE_NAME ""
| #define PACKAGE_TARNAME ""
| #define PACKAGE_VERSION ""
| #define PACKAGE_STRING ""
| #define PACKAGE_BUGREPORT ""
| #define PACKAGE_URL ""
| #define HAVE_STDIO_H 1
| #define HAVE_STDLIB_H 1
| #define HAVE_STRING_H 1
| #define HAVE_INTTYPES_H 1
| #define HAVE_STDINT_H 1
| #define HAVE_STRINGS_H 1
| #define HAVE_SYS_STAT_H 1
| #define HAVE_SYS_TYPES_H 1
| #define HAVE_UNISTD_H 1
| #define STDC_HEADERS 1
| #define HAVE_DLFCN_H 1
| #define LT_OBJDIR ".libs/"
| /* end confdefs.h.  */
| #include <sys/types.h>
|  /* Check that off_t can represent 2**63 - 1 correctly.
|     We can't simply define LARGE_OFF_T to be 9223372036854775807,
|     since some C++ compilers masquerading as C compilers
|     incorrectly reject 9223372036854775807.  */
| #define LARGE_OFF_T (((off_t) 1 << 31 << 31) - 1 + ((off_t) 1 << 31 << 31))
|   int off_t_is_large[(LARGE_OFF_T % 2147483629 == 721
| 		       && LARGE_OFF_T % 2147483647 == 1)
| 		      ? 1 : -1];
| int
| main (void)
| {
| 
|   ;
|   return 0;
| }
configure:18278: gcc -c -g -O2  conftest.c >&5
conftest.c:27:39: warning: result of '-2147483648l << 31' requires 63 bits to represent, but 'long int' only has 32 bits [-Wshift-overflow=]
 #define LARGE_OFF_T (((off_t) 1 << 31 << 31) - 1 + ((off_t) 1 << 31 << 31))
                                       ^
conftest.c:28:23: note: in expansion of macro 'LARGE_OFF_T'
   int off_t_is_large[(LARGE_OFF_T % 2147483629 == 721
                       ^~~~~~~~~~~
conftest.c:27:69: warning: result of '-2147483648l << 31' requires 63 bits to represent, but 'long int' only has 32 bits [-Wshift-overflow=]
 #define LARGE_OFF_T (((off_t) 1 << 31 << 31) - 1 + ((off_t) 1 << 31 << 31))
                                                                     ^
conftest.c:28:23: note: in expansion of macro 'LARGE_OFF_T'
   int off_t_is_large[(LARGE_OFF_T % 2147483629 == 721
                       ^~~~~~~~~~~
conftest.c:27:39: warning: result of '-2147483648l << 31' requires 63 bits to represent, but 'long int' only has 32 bits [-Wshift-overflow=]
 #define LARGE_OFF_T (((off_t) 1 << 31 << 31) - 1 + ((off_t) 1 << 31 << 31))
                                       ^
conftest.c:29:13: note: in expansion of macro 'LARGE_OFF_T'
          && LARGE_OFF_T % 2147483647 == 1)
             ^~~~~~~~~~~
conftest.c:27:69: warning: result of '-2147483648l << 31' requires 63 bits to represent, but 'long int' only has 32 bits [-Wshift-overflow=]
 #define LARGE_OFF_T (((off_t) 1 << 31 << 31) - 1 + ((off_t) 1 << 31 << 31))
                                                                     ^
conftest.c:29:13: note: in expansion of macro 'LARGE_OFF_T'
          && LARGE_OFF_T % 2147483647 == 1)
             ^~~~~~~~~~~
conftest.c:28:7: error: variably modified 'off_t_is_large' at file scope
   int off_t_is_large[(LARGE_OFF_T % 2147483629 == 721
       ^~~~~~~~~~~~~~
configure:18278: $? = 1
configure: failed program was:
| /* confdefs.h */
| #define PACKAGE_NAME ""
| #define PACKAGE_TARNAME ""
| #define PACKAGE_VERSION ""
| #define PACKAGE_STRING ""
| #define PACKAGE_BUGREPORT ""
| #define PACKAGE_URL ""
| #define HAVE_STDIO_H 1
| #define HAVE_STDLIB_H 1
| #define HAVE_STRING_H 1
| #define HAVE_INTTYPES_H 1
| #define HAVE_STDINT_H 1
| #define HAVE_STRINGS_H 1
| #define HAVE_SYS_STAT_H 1
| #define HAVE_SYS_TYPES_H 1
| #define HAVE_UNISTD_H 1
| #define STDC_HEADERS 1
| #define HAVE_DLFCN_H 1
| #define LT_OBJDIR ".libs/"
| /* end confdefs.h.  */
| #define _LARGE_FILES 1
| #include <sys/types.h>
|  /* Check that off_t can represent 2**63 - 1 correctly.
|     We can't simply define LARGE_OFF_T to be 9223372036854775807,
|     since some C++ compilers masquerading as C compilers
|     incorrectly reject 9223372036854775807.  */
| #define LARGE_OFF_T (((off_t) 1 << 31 << 31) - 1 + ((off_t) 1 << 31 << 31))
|   int off_t_is_large[(LARGE_OFF_T % 2147483629 == 721
| 		       && LARGE_OFF_T % 2147483647 == 1)
| 		      ? 1 : -1];
| int
| main (void)
| {
| 
|   ;
|   return 0;
| }
configure:18287: result: unknown
configure:18432: checking for an ANSI C-conforming const
configure:18499: gcc -c -g -O2 -I./include -idirafter ./src/video/khronos   -I./include -idirafter ./src/video/khronos  conftest.c >&5
configure:18499: $? = 0
configure:18507: result: yes
configure:18515: checking for inline
configure:18532: gcc -c -g -O2 -I./include -idirafter ./src/video/khronos   -I./include -idirafter ./src/video/khronos  conftest.c >&5
configure:18532: $? = 0
configure:18541: result: inline
configure:18559: checking for working volatile
configure:18579: gcc -c -g -O2 -I./include -idirafter ./src/video/khronos   -I./include -idirafter ./src/video/khronos  conftest.c >&5
configure:18579: $? = 0
configure:18587: result: yes
configure:18644: checking for GCC -MMD -MT option
configure:18661: gcc -c -g -O2 -I./include -idirafter ./src/video/khronos   -I./include -idirafter ./src/video/khronos  conftest.c >&5
configure:18661: $? = 0
configure:18666: result: yes
configure:18674: checking for linker option --no-undefined
configure:18694: gcc -o conftest.exe -g -O2 -I./include -idirafter ./src/video/khronos   -I./include -idirafter ./src/video/khronos   -Wl,--no-undefined conftest.c  >&5
configure:18694: $? = 0
configure:18706: result: yes
configure:18709: checking for linker option --dynamicbase
configure:18727: gcc -o conftest.exe -g -O2 -I./include -idirafter ./src/video/khronos   -I./include -idirafter ./src/video/khronos   -Wl,--dynamicbase conftest.c  >&5
configure:18727: $? = 0
configure:18739: result: yes
configure:18742: checking for linker option --nxcompat
configure:18760: gcc -o conftest.exe -g -O2 -I./include -idirafter ./src/video/khronos   -I./include -idirafter ./src/video/khronos   -Wl,--nxcompat conftest.c  >&5
configure:18760: $? = 0
configure:18772: result: yes
configure:18775: checking for linker option --high-entropy-va
configure:18793: gcc -o conftest.exe -g -O2 -I./include -idirafter ./src/video/khronos   -I./include -idirafter ./src/video/khronos   -Wl,--high-entropy-va conftest.c  >&5

## ---------------- ##
## Cache variables. ##
## ---------------- ##

ac_cv_build=x86_64-pc-mingw64
ac_cv_c_compiler_gnu=yes
ac_cv_c_const=yes
ac_cv_c_inline=inline
ac_cv_c_volatile=yes
ac_cv_cxx_compiler_gnu=yes
ac_cv_env_CCC_set=
ac_cv_env_CCC_value=
ac_cv_env_CC_set=
ac_cv_env_CC_value=
ac_cv_env_CFLAGS_set=
ac_cv_env_CFLAGS_value=
ac_cv_env_CPPFLAGS_set=
ac_cv_env_CPPFLAGS_value=
ac_cv_env_CPP_set=
ac_cv_env_CPP_value=
ac_cv_env_CXXCPP_set=
ac_cv_env_CXXCPP_value=
ac_cv_env_CXXFLAGS_set=
ac_cv_env_CXXFLAGS_value=
ac_cv_env_CXX_set=
ac_cv_env_CXX_value=
ac_cv_env_DBUS_CFLAGS_set=
ac_cv_env_DBUS_CFLAGS_value=
ac_cv_env_DBUS_LIBS_set=
ac_cv_env_DBUS_LIBS_value=
ac_cv_env_DECOR_CFLAGS_set=
ac_cv_env_DECOR_CFLAGS_value=
ac_cv_env_DECOR_LIBS_set=
ac_cv_env_DECOR_LIBS_value=
ac_cv_env_DIRECTFB_CFLAGS_set=
ac_cv_env_DIRECTFB_CFLAGS_value=
ac_cv_env_DIRECTFB_LIBS_set=
ac_cv_env_DIRECTFB_LIBS_value=
ac_cv_env_ESD_CFLAGS_set=
ac_cv_env_ESD_CFLAGS_value=
ac_cv_env_ESD_LIBS_set=
ac_cv_env_ESD_LIBS_value=
ac_cv_env_FUSIONSOUND_CFLAGS_set=
ac_cv_env_FUSIONSOUND_CFLAGS_value=
ac_cv_env_FUSIONSOUND_LIBS_set=
ac_cv_env_FUSIONSOUND_LIBS_value=
ac_cv_env_IBUS_CFLAGS_set=
ac_cv_env_IBUS_CFLAGS_value=
ac_cv_env_IBUS_LIBS_set=
ac_cv_env_IBUS_LIBS_value=
ac_cv_env_JACK_CFLAGS_set=
ac_cv_env_JACK_CFLAGS_value=
ac_cv_env_JACK_LIBS_set=
ac_cv_env_JACK_LIBS_value=
ac_cv_env_LDFLAGS_set=
ac_cv_env_LDFLAGS_value=
ac_cv_env_LIBDRM_CFLAGS_set=
ac_cv_env_LIBDRM_CFLAGS_value=
ac_cv_env_LIBDRM_LIBS_set=
ac_cv_env_LIBDRM_LIBS_value=
ac_cv_env_LIBGBM_CFLAGS_set=
ac_cv_env_LIBGBM_CFLAGS_value=
ac_cv_env_LIBGBM_LIBS_set=
ac_cv_env_LIBGBM_LIBS_value=
ac_cv_env_LIBS_set=
ac_cv_env_LIBS_value=
ac_cv_env_LIBUSB_CFLAGS_set=
ac_cv_env_LIBUSB_CFLAGS_value=
ac_cv_env_LIBUSB_LIBS_set=
ac_cv_env_LIBUSB_LIBS_value=
ac_cv_env_LT_SYS_LIBRARY_PATH_set=
ac_cv_env_LT_SYS_LIBRARY_PATH_value=
ac_cv_env_PIPEWIRE_CFLAGS_set=
ac_cv_env_PIPEWIRE_CFLAGS_value=
ac_cv_env_PIPEWIRE_LIBS_set=
ac_cv_env_PIPEWIRE_LIBS_value=
ac_cv_env_PKG_CONFIG_LIBDIR_set=
ac_cv_env_PKG_CONFIG_LIBDIR_value=
ac_cv_env_PKG_CONFIG_PATH_set=set
ac_cv_env_PKG_CONFIG_PATH_value=/mingw64/lib/pkgconfig:/mingw64/share/pkgconfig
ac_cv_env_PKG_CONFIG_set=
ac_cv_env_PKG_CONFIG_value=
ac_cv_env_PULSEAUDIO_CFLAGS_set=
ac_cv_env_PULSEAUDIO_CFLAGS_value=
ac_cv_env_PULSEAUDIO_LIBS_set=
ac_cv_env_PULSEAUDIO_LIBS_value=
ac_cv_env_RPI_CFLAGS_set=
ac_cv_env_RPI_CFLAGS_value=
ac_cv_env_RPI_LIBS_set=
ac_cv_env_RPI_LIBS_value=
ac_cv_env_SNDIO_CFLAGS_set=
ac_cv_env_SNDIO_CFLAGS_value=
ac_cv_env_SNDIO_LIBS_set=
ac_cv_env_SNDIO_LIBS_value=
ac_cv_env_XMKMF_set=
ac_cv_env_XMKMF_value=
ac_cv_env_build_alias_set=
ac_cv_env_build_alias_value=
ac_cv_env_host_alias_set=
ac_cv_env_host_alias_value=
ac_cv_env_target_alias_set=
ac_cv_env_target_alias_value=
ac_cv_exeext=.exe
ac_cv_header_dlfcn_h=yes
ac_cv_header_inttypes_h=yes
ac_cv_header_stdint_h=yes
ac_cv_header_stdio_h=yes
ac_cv_header_stdlib_h=yes
ac_cv_header_string_h=yes
ac_cv_header_strings_h=yes
ac_cv_header_sys_stat_h=yes
ac_cv_header_sys_types_h=yes
ac_cv_header_unistd_h=yes
ac_cv_host=x86_64-pc-mingw64
ac_cv_objext=o
ac_cv_path_EGREP='/usr/bin/grep -E'
ac_cv_path_FGREP='/usr/bin/grep -F'
ac_cv_path_GREP=/usr/bin/grep
ac_cv_path_SED=/usr/bin/sed
ac_cv_path_install='/usr/bin/install -c'
ac_cv_path_lt_DD=/usr/bin/dd
ac_cv_prog_AWK=gawk
ac_cv_prog_CXXCPP='g++ -E'
ac_cv_prog_SORT=sort
ac_cv_prog_ac_ct_AR=ar
ac_cv_prog_ac_ct_AS=as
ac_cv_prog_ac_ct_CC=gcc
ac_cv_prog_ac_ct_CXX=g++
ac_cv_prog_ac_ct_DLLTOOL=dlltool
ac_cv_prog_ac_ct_OBJDUMP=objdump
ac_cv_prog_ac_ct_RANLIB=ranlib
ac_cv_prog_ac_ct_RC=windres
ac_cv_prog_ac_ct_STRIP=strip
ac_cv_prog_cc_c11=
ac_cv_prog_cc_g=yes
ac_cv_prog_cc_stdc=
ac_cv_prog_cxx_11=no
ac_cv_prog_cxx_cxx11=
ac_cv_prog_cxx_g=yes
ac_cv_prog_cxx_stdcxx=
ac_cv_prog_make_make_set=yes
ac_cv_sys_file_offset_bits=unknown
ac_cv_sys_large_files=unknown
ac_cv_sys_largefile_CC=no
lt_cv_ar_at_file=@
lt_cv_archive_cmds_need_lc=yes
lt_cv_deplibs_check_method=pass_all
lt_cv_file_magic_cmd=func_win32_libid
lt_cv_file_magic_test_file=
lt_cv_ld_reload_flag=-r
lt_cv_nm_interface='BSD nm'
lt_cv_objdir=.libs
lt_cv_path_LD=c:/mingw/mingw32/bin/ld.exe
lt_cv_path_LDCXX=c:/mingw/mingw32/bin/ld.exe
lt_cv_path_NM='/c/MinGW/bin/nm -B'
lt_cv_path_mainfest_tool=no
lt_cv_prog_compiler_c_o=yes
lt_cv_prog_compiler_c_o_CXX=yes
lt_cv_prog_compiler_c_o_RC=yes
lt_cv_prog_compiler_pic='-DDLL_EXPORT -DPIC'
lt_cv_prog_compiler_pic_CXX='-DDLL_EXPORT -DPIC'
lt_cv_prog_compiler_pic_works=yes
lt_cv_prog_compiler_pic_works_CXX=yes
lt_cv_prog_compiler_rtti_exceptions=no
lt_cv_prog_compiler_static_works=yes
lt_cv_prog_compiler_static_works_CXX=yes
lt_cv_prog_gnu_ld=yes
lt_cv_prog_gnu_ldcxx=yes
lt_cv_sharedlib_from_linklib_cmd=func_cygming_dll_for_implib
lt_cv_sys_global_symbol_pipe='sed -n -e '\''s/^.*[	 ]\([ABCDGIRSTW][ABCDGIRSTW]*\)[	 ][	 ]*_\([_A-Za-z][_A-Za-z0-9]*\)\{0,1\}$/\1 _\2 \2/p'\'' | sed '\''/ __gnu_lto/d'\'''
lt_cv_sys_global_symbol_to_c_name_address='sed -n -e '\''s/^: \(.*\) .*$/  {"\1", (void *) 0},/p'\'' -e '\''s/^[ABCDGIRSTW][ABCDGIRSTW]* .* \(.*\)$/  {"\1", (void *) \&\1},/p'\'''
lt_cv_sys_global_symbol_to_c_name_address_lib_prefix='sed -n -e '\''s/^: \(.*\) .*$/  {"\1", (void *) 0},/p'\'' -e '\''s/^[ABCDGIRSTW][ABCDGIRSTW]* .* \(lib.*\)$/  {"\1", (void *) \&\1},/p'\'' -e '\''s/^[ABCDGIRSTW][ABCDGIRSTW]* .* \(.*\)$/  {"lib\1", (void *) \&\1},/p'\'''
lt_cv_sys_global_symbol_to_cdecl='sed -n -e '\''s/^T .* \(.*\)$/extern int \1();/p'\'' -e '\''s/^[ABCDGIRSTW][ABCDGIRSTW]* .* \(.*\)$/extern char \1;/p'\'''
lt_cv_sys_global_symbol_to_import=
lt_cv_sys_max_cmd_len=8192
lt_cv_to_host_file_cmd=func_convert_file_msys_to_w32
lt_cv_to_tool_file_cmd=func_convert_file_msys_to_w32
lt_cv_truncate_bin='/usr/bin/dd bs=4096 count=1'

## ----------------- ##
## Output variables. ##
## ----------------- ##

ALLOCA=''
ALSA_CFLAGS=''
ALSA_LIBS=''
AR='ar'
ARTSCONFIG=''
AS='as'
AWK='gawk'
BUILD_CFLAGS='-g -O3 -DUSING_GENERATED_CONFIG_H'
BUILD_LDFLAGS=' -Wl,--no-undefined'
CC='gcc'
CFLAGS='-g -O2 -I./include -idirafter ./src/video/khronos '
CPP=''
CPPFLAGS=' -I./include -idirafter ./src/video/khronos '
CXX='g++'
CXXCPP='g++ -E'
CXXFLAGS='-g -O2'
DBUS_CFLAGS=''
DBUS_LIBS=''
DECOR_CFLAGS=''
DECOR_LIBS=''
DEFS=''
DIRECTFB_CFLAGS=''
DIRECTFB_LIBS=''
DLLTOOL='dlltool'
DSYMUTIL=''
DUMPBIN=''
ECHO_C=''
ECHO_N='-n'
ECHO_T=''
EGREP='/usr/bin/grep -E'
ENABLE_SHARED_FALSE=''
ENABLE_SHARED_TRUE=''
ENABLE_STATIC_FALSE=''
ENABLE_STATIC_TRUE=''
ESD_CFLAGS=''
ESD_CONFIG=''
ESD_LIBS=''
EXEEXT='.exe'
EXTRA_CFLAGS='-I./include -idirafter ./src/video/khronos  -DSDL_BUILD_MAJOR_VERSION=2 -DSDL_BUILD_MINOR_VERSION=30 -DSDL_BUILD_MICRO_VERSION=8'
EXTRA_LDFLAGS=' -Wl,--dynamicbase -Wl,--nxcompat'
FGREP='/usr/bin/grep -F'
FUSIONSOUND_CFLAGS=''
FUSIONSOUND_LIBS=''
GEN_HEADERS=''
GEN_OBJECTS=''
GREP='/usr/bin/grep'
IBUS_CFLAGS=''
IBUS_LIBS=''
INCLUDE='-I./include -idirafter ./src/video/khronos'
INSTALL_DATA='${INSTALL} -m 644'
INSTALL_PROGRAM='${INSTALL}'
INSTALL_SCRIPT='${INSTALL}'
INSTALL_SDL2_CONFIG=''
JACK_CFLAGS=''
JACK_LIBS=''
LD='c:/mingw/mingw32/bin/ld.exe'
LDFLAGS=' -Wl,--high-entropy-va'
LIBDRM_CFLAGS=''
LIBDRM_LIBS=''
LIBGBM_CFLAGS=''
LIBGBM_LIBS=''
LIBOBJS=''
LIBS=''
LIBTOOL='$(SHELL) $(top_builddir)/libtool'
LIBTOOLLINKERTAG='CC'
LIBUSB_CFLAGS=''
LIBUSB_LIBS=''
LINKER='$(CC)'
LIPO=''
LN_S='cp -pR'
LTLIBOBJS=''
LT_AGE='3000'
LT_CURRENT='3000'
LT_RELEASE='2.0'
LT_REVISION='8'
LT_SYS_LIBRARY_PATH=''
MANIFEST_TOOL=':'
NM='/c/MinGW/bin/nm -B'
NMEDIT=''
OBJDUMP='objdump'
OBJECTS=''
OBJEXT='o'
OTOOL64=''
OTOOL=''
PACKAGE_BUGREPORT=''
PACKAGE_NAME=''
PACKAGE_STRING=''
PACKAGE_TARNAME=''
PACKAGE_URL=''
PACKAGE_VERSION=''
PATH_SEPARATOR=':'
PIPEWIRE_CFLAGS=''
PIPEWIRE_LIBS=''
PKGCONFIG_DEPENDS=''
PKGCONFIG_LIBS_PRIV=''
PKG_CONFIG=''
PKG_CONFIG_LIBDIR=''
PKG_CONFIG_PATH='/mingw64/lib/pkgconfig:/mingw64/share/pkgconfig'
PULSEAUDIO_CFLAGS=''
PULSEAUDIO_LIBS=''
RANLIB='ranlib'
RC='windres'
RPI_CFLAGS=''
RPI_LIBS=''
SDLMAIN_OBJECTS=''
SDLTEST_OBJECTS=''
SDL_BINARY_AGE='3008'
SDL_CFLAGS=''
SDL_INTERFACE_AGE='8'
SDL_LIBS='-lSDL2'
SDL_MAJOR_VERSION='2'
SDL_MICRO_VERSION='8'
SDL_MINOR_VERSION='30'
SDL_RLD_FLAGS=''
SDL_STATIC_LIBS=''
SDL_VENDOR_INFO=''
SDL_VERSION='2.30.8'
SED='/usr/bin/sed'
SET_MAKE=''
SHELL='/bin/sh'
SNDIO_CFLAGS=''
SNDIO_LIBS=''
SORT='sort'
STRIP='strip'
VERSION_OBJECTS=''
WAYLAND_SCANNER=''
WAYLAND_SCANNER_CODE_MODE=''
XMKMF=''
X_CFLAGS=''
X_EXTRA_LIBS=''
X_LIBS=''
X_PRE_LIBS=''
ac_aux_dir='./build-scripts/'
ac_ct_AR='ar'
ac_ct_CC='gcc'
ac_ct_CXX='g++'
ac_ct_DUMPBIN=''
bin_prefix_relpath=''
bindir='${exec_prefix}/bin'
build='x86_64-pc-mingw64'
build_alias=''
build_cpu='x86_64'
build_os='mingw64'
build_vendor='pc'
cmake_prefix_relpath=''
datadir='${datarootdir}'
datarootdir='${prefix}/share'
docdir='${datarootdir}/doc/${PACKAGE}'
dvidir='${docdir}'
exec_prefix='NONE'
host='x86_64-pc-mingw64'
host_alias=''
host_cpu='x86_64'
host_os='mingw64'
host_vendor='pc'
htmldir='${docdir}'
includedir='${prefix}/include'
infodir='${datarootdir}/info'
libdir='${exec_prefix}/lib'
libexecdir='${exec_prefix}/libexec'
localedir='${datarootdir}/locale'
localstatedir='${prefix}/var'
mandir='${datarootdir}/man'
oldincludedir='/usr/include'
pdfdir='${docdir}'
prefix='NONE'
program_transform_name='s,x,x,'
psdir='${docdir}'
runstatedir='${localstatedir}/run'
sbindir='${exec_prefix}/sbin'
sharedstatedir='${prefix}/com'
sysconfdir='${prefix}/etc'
target_alias=''

## ----------- ##
## confdefs.h. ##
## ----------- ##

/* confdefs.h */
#define PACKAGE_NAME ""
#define PACKAGE_TARNAME ""
#define PACKAGE_VERSION ""
#define PACKAGE_STRING ""
#define PACKAGE_BUGREPORT ""
#define PACKAGE_URL ""
#define HAVE_STDIO_H 1
#define HAVE_STDLIB_H 1
#define HAVE_STRING_H 1
#define HAVE_INTTYPES_H 1
#define HAVE_STDINT_H 1
#define HAVE_STRINGS_H 1
#define HAVE_SYS_STAT_H 1
#define HAVE_SYS_TYPES_H 1
#define HAVE_UNISTD_H 1
#define STDC_HEADERS 1
#define HAVE_DLFCN_H 1
#define LT_OBJDIR ".libs/"

configure: caught signal 2
configure: exit 1
